\BOOKMARK [0][-]{chapter*.6}{\376\377\000I\000N\000T\000R\000O\000D\000U\000C\000T\000I\000O\000N\000\040\000G\000\311\000N\000\311\000R\000A\000L\000E}{}% 1
\BOOKMARK [0][-]{chapter.1}{\376\377\000C\000h\000a\000p\000i\000t\000r\000e\000\040\0001\000:\000\040\000E\000t\000u\000d\000e\000\040\000p\000r\000\351\000a\000l\000a\000b\000l\000e}{}% 2
\BOOKMARK [1][-]{section.1.1}{\376\377\000I\000n\000t\000r\000o\000d\000u\000c\000t\000i\000o\000n\000\040}{chapter.1}% 3
\BOOKMARK [1][-]{section.1.2}{\376\377\000O\000r\000g\000a\000n\000i\000s\000m\000e\000\040\000d\040\031\000a\000c\000c\000u\000e\000i\000l\000\040}{chapter.1}% 4
\BOOKMARK [2][-]{subsection.1.2.1}{\376\377\000P\000r\000\351\000s\000e\000n\000t\000a\000t\000i\000o\000n\000\040\000d\000e\000\040\000I\000n\000f\000o\000b\000j\000e\000c\000t\000i\000f}{section.1.2}% 5
\BOOKMARK [3][-]{subsubsection.1.2.1.1}{\376\377\000I\000n\000t\000r\000o\000d\000u\000c\000t\000i\000o\000n}{subsection.1.2.1}% 6
\BOOKMARK [3][-]{subsubsection.1.2.1.2}{\376\377\000C\000o\000o\000r\000d\000o\000n\000n\000\351\000e\000s\000\040\000d\000e\000\040\000l\000'\000e\000n\000t\000r\000e\000p\000r\000i\000s\000e}{subsection.1.2.1}% 7
\BOOKMARK [2][-]{subsection.1.2.2}{\376\377\000O\000r\000g\000a\000n\000i\000g\000r\000a\000m\000m\000e\000\040\000d\000e\000\040\000l\000a\000\040\000s\000o\000c\000i\000e\000t\000\351}{section.1.2}% 8
\BOOKMARK [1][-]{section.1.3}{\376\377\000P\000r\000\351\000s\000e\000n\000t\000a\000t\000i\000o\000n\000\040\000d\000u\000\040\000p\000r\000o\000j\000e\000t}{chapter.1}% 9
\BOOKMARK [2][-]{subsection.1.3.1}{\376\377\000C\000o\000n\000t\000e\000x\000t\000e\000\040\000d\000u\000\040\000p\000r\000o\000j\000e\000t}{section.1.3}% 10
\BOOKMARK [2][-]{subsection.1.3.2}{\376\377\000E\000t\000u\000d\000e\000\040\000d\000e\000\040\000l\040\031\000e\000x\000i\000s\000t\000a\000n\000t\000\040}{section.1.3}% 11
\BOOKMARK [2][-]{subsection.1.3.3}{\376\377\000C\000r\000i\000t\000i\000q\000u\000e\000\040\000d\000e\000\040\000l\040\031\000e\000x\000i\000s\000t\000a\000n\000t\000\040}{section.1.3}% 12
\BOOKMARK [1][-]{section.1.4}{\376\377\000S\000o\000l\000u\000t\000i\000o\000n\000\040\000p\000r\000o\000p\000o\000s\000\351\000e}{chapter.1}% 13
\BOOKMARK [1][-]{section.1.5}{\376\377\000M\000\351\000t\000h\000o\000d\000o\000l\000o\000g\000i\000e\000\040\000d\000u\000\040\000t\000r\000a\000v\000a\000i\000l\000\040}{chapter.1}% 14
\BOOKMARK [2][-]{subsection.1.5.1}{\376\377\000U\000P\000\040\000\050\000P\000r\000o\000c\000e\000s\000s\000u\000s\000\040\000U\000n\000i\000f\000i\000\351\000\051\000\040}{section.1.5}% 15
\BOOKMARK [2][-]{subsection.1.5.2}{\376\377\000S\000C\000R\000U\000M\000\040\000:\000\040\000A\000g\000i\000l\000e}{section.1.5}% 16
\BOOKMARK [2][-]{subsection.1.5.3}{\376\377\000C\000o\000m\000p\000a\000r\000a\000i\000s\000o\000n\000\040\000d\000e\000s\000\040\000m\000\351\000t\000h\000o\000d\000e\000s\000\040}{section.1.5}% 17
\BOOKMARK [2][-]{subsection.1.5.4}{\376\377\000C\000h\000o\000i\000x\000\040\000d\000e\000\040\000l\000a\000\040\000m\000\351\000t\000h\000o\000d\000o\000l\000o\000g\000i\000e\000\040\000a\000d\000o\000p\000t\000\351\000e\000\040}{section.1.5}% 18
\BOOKMARK [2][-]{subsection.1.5.5}{\376\377\000G\000l\000o\000s\000s\000a\000i\000r\000e\000\040\000S\000C\000R\000U\000M\000\040}{section.1.5}% 19
\BOOKMARK [2][-]{subsection.1.5.6}{\376\377\000J\000u\000s\000t\000i\000f\000i\000c\000a\000t\000i\000o\000n\000\040\000d\000u\000\040\000c\000h\000o\000i\000x\000\040\000d\000e\000\040\000S\000C\000R\000U\000M\000\040}{section.1.5}% 20
\BOOKMARK [1][-]{section.1.6}{\376\377\000C\000o\000n\000c\000l\000u\000s\000i\000o\000n\000\040}{chapter.1}% 21
\BOOKMARK [0][-]{chapter.2}{\376\377\000\040\000C\000h\000a\000p\000i\000t\000r\000e\000\040\0002\000:\000\040\000A\000r\000c\000h\000i\000t\000e\000c\000t\000u\000r\000e\000\040\000=\000l\000o\000g\000i\000c\000i\000e\000l\000l\000e\000\040\000e\000t\000\040\000o\000u\000t\000i\000l\000s\000\040\000d\000e\000\040\000t\000r\000a\000v\000a\000i\000l}{}% 22
\BOOKMARK [1][-]{section.2.1}{\376\377\000I\000n\000t\000r\000o\000d\000u\000c\000t\000i\000o\000n}{chapter.2}% 23
\BOOKMARK [1][-]{section.2.2}{\376\377\000C\000a\000p\000t\000u\000r\000e\000\040\000d\000e\000s\000\040\000b\000e\000s\000o\000i\000n\000s}{chapter.2}% 24
\BOOKMARK [2][-]{subsection.2.2.1}{\376\377\000D\000\351\000f\000i\000n\000i\000t\000i\000o\000n\000\040\000d\000e\000s\000\040\000a\000c\000t\000e\000u\000r\000s\000\040}{section.2.2}% 25
\BOOKMARK [2][-]{subsection.2.2.2}{\376\377\000B\000e\000s\000o\000i\000n\000s\000\040\000f\000o\000n\000c\000t\000i\000o\000n\000n\000e\000l\000s\000\040}{section.2.2}% 26
\BOOKMARK [2][-]{subsection.2.2.3}{\376\377\000B\000e\000s\000o\000i\000n\000s\000\040\000n\000o\000n\000-\000f\000o\000n\000c\000t\000i\000o\000n\000n\000e\000l\000s}{section.2.2}% 27
\BOOKMARK [1][-]{section.2.3}{\376\377\000B\000a\000c\000k\000l\000o\000g\000\040\000d\000e\000\040\000p\000r\000o\000d\000u\000i\000t\000\040}{chapter.2}% 28
\BOOKMARK [1][-]{section.2.4}{\376\377\000D\000\351\000c\000o\000u\000p\000a\000g\000e\000\040\000e\000n\000\040\000s\000p\000r\000i\000n\000t\000\040}{chapter.2}% 29
\BOOKMARK [1][-]{section.2.5}{\376\377\000A\000r\000c\000h\000i\000t\000e\000c\000t\000u\000r\000e\000\040\000d\000u\000\040\000s\000y\000s\000t\000\350\000m\000e\000\040}{chapter.2}% 30
\BOOKMARK [1][-]{section.2.6}{\376\377\000E\000n\000v\000i\000r\000o\000n\000n\000e\000m\000e\000n\000t\000\040\000d\000e\000\040\000t\000r\000a\000v\000a\000i\000l}{chapter.2}% 31
\BOOKMARK [1][-]{section.2.7}{\376\377\000E\000n\000v\000i\000r\000o\000n\000n\000e\000m\000e\000n\000t\000\040\000l\000o\000g\000i\000c\000i\000e\000l}{chapter.2}% 32
\BOOKMARK [2][-]{subsection.2.7.1}{\376\377\000L\000u\000c\000i\000d\000c\000h\000a\000r\000t}{section.2.7}% 33
\BOOKMARK [2][-]{subsection.2.7.2}{\376\377\000F\000i\000g\000m\000a}{section.2.7}% 34
\BOOKMARK [1][-]{section.2.8}{\376\377\000E\000n\000v\000i\000r\000o\000n\000n\000e\000m\000e\000n\000t\000\040\000d\000e\000\040\000d\000\351\000v\000e\000l\000o\000p\000p\000e\000m\000e\000n\000t}{chapter.2}% 35
\BOOKMARK [2][-]{subsection.2.8.1}{\376\377\000V\000i\000s\000u\000a\000l\000\040\000S\000t\000u\000d\000i\000o\000\040\000C\000o\000d\000e}{section.2.8}% 36
\BOOKMARK [2][-]{subsection.2.8.2}{\376\377\000I\000n\000t\000e\000l\000l\000i\000J\000\040\000I\000D\000E\000A}{section.2.8}% 37
\BOOKMARK [2][-]{subsection.2.8.3}{\376\377\000A\000n\000d\000r\000o\000i\000d\000\040\000S\000t\000u\000d\000i\000o}{section.2.8}% 38
\BOOKMARK [2][-]{subsection.2.8.4}{\376\377\000P\000o\000s\000t\000m\000a\000n}{section.2.8}% 39
\BOOKMARK [1][-]{section.2.9}{\376\377\000C\000o\000n\000c\000l\000u\000s\000i\000o\000n\000\040}{chapter.2}% 40
\BOOKMARK [0][-]{chapter.3}{\376\377\000\040\000C\000h\000a\000p\000i\000t\000r\000e\000\040\0003\000\040\000:\000\040\000T\000e\000s\000t\000i\000n\000g\000\040\000a\000n\000d\000\040\000D\000e\000p\000l\000o\000y\000m\000e\000n\000t}{}% 41
\BOOKMARK [1][-]{section.3.1}{\376\377\000I\000n\000t\000r\000o\000d\000u\000c\000t\000i\000o\000n}{chapter.3}% 42
\BOOKMARK [1][-]{section.3.2}{\376\377\000T\000e\000s\000t\000i\000n\000g\000\040\000S\000t\000r\000a\000t\000e\000g\000y}{chapter.3}% 43
\BOOKMARK [2][-]{subsection.3.2.1}{\376\377\000U\000n\000i\000t\000\040\000T\000e\000s\000t\000i\000n\000g}{section.3.2}% 44
\BOOKMARK [2][-]{subsection.3.2.2}{\376\377\000I\000n\000t\000e\000g\000r\000a\000t\000i\000o\000n\000\040\000T\000e\000s\000t\000i\000n\000g}{section.3.2}% 45
\BOOKMARK [2][-]{subsection.3.2.3}{\376\377\000U\000s\000e\000r\000\040\000A\000c\000c\000e\000p\000t\000a\000n\000c\000e\000\040\000T\000e\000s\000t\000i\000n\000g}{section.3.2}% 46
\BOOKMARK [1][-]{section.3.3}{\376\377\000D\000e\000p\000l\000o\000y\000m\000e\000n\000t\000\040\000P\000r\000o\000c\000e\000s\000s}{chapter.3}% 47
\BOOKMARK [2][-]{subsection.3.3.1}{\376\377\000C\000o\000n\000t\000i\000n\000u\000o\000u\000s\000\040\000I\000n\000t\000e\000g\000r\000a\000t\000i\000o\000n\000/\000C\000o\000n\000t\000i\000n\000u\000o\000u\000s\000\040\000D\000e\000p\000l\000o\000y\000m\000e\000n\000t}{section.3.3}% 48
\BOOKMARK [2][-]{subsection.3.3.2}{\376\377\000C\000o\000n\000t\000a\000i\000n\000e\000r\000i\000z\000a\000t\000i\000o\000n}{section.3.3}% 49
\BOOKMARK [2][-]{subsection.3.3.3}{\376\377\000M\000o\000n\000i\000t\000o\000r\000i\000n\000g\000\040\000a\000n\000d\000\040\000M\000a\000i\000n\000t\000e\000n\000a\000n\000c\000e}{section.3.3}% 50
\BOOKMARK [0][-]{chapter.4}{\376\377\000\040\000C\000h\000a\000p\000i\000t\000r\000e\000\040\0004\000\040\000:\000\040\000S\000p\000r\000i\000n\000t\000\040\0001\000\040\000=\000"\000G\000e\000s\000t\000i\000o\000n\000\040\000d\000e\000s\000\040\000U\000t\000i\000l\000i\000s\000a\000t\000e\000u\000r\000s\000"\000\040}{}% 51
\BOOKMARK [1][-]{section.4.1}{\376\377\000I\000n\000t\000r\000o\000d\000u\000c\000t\000i\000o\000n}{chapter.4}% 52
\BOOKMARK [1][-]{section.4.2}{\376\377\000B\000a\000c\000k\000l\000o\000g\000\040\000d\000u\000\040\000s\000p\000r\000i\000n\000t}{chapter.4}% 53
\BOOKMARK [1][-]{section.4.3}{\376\377\000A\000n\000a\000l\000y\000s\000e\000\040\000e\000t\000\040\000s\000p\000\351\000c\000i\000f\000i\000c\000a\000t\000i\000o\000n\000\040\000d\000e\000s\000\040\000b\000e\000s\000o\000i\000n\000s}{chapter.4}% 54
\BOOKMARK [1][-]{section.4.4}{\376\377\000D\000i\000a\000g\000r\000a\000m\000m\000e\000\040\000d\000e\000\040\000c\000a\000s\000\040\000d\000'\000u\000t\000i\000l\000i\000s\000a\000t\000i\000o\000n\000\040\000d\000e\000t\000a\000i\000l\000l\000\351}{chapter.4}% 55
\BOOKMARK [2][-]{subsection.4.4.1}{\376\377\000D\000e\000s\000c\000r\000i\000p\000t\000i\000o\000n\000\040\000t\000e\000x\000t\000u\000e\000l\000l\000e\000\040\000d\000u\000\040\000c\000a\000s\000\040\000d\040\031\000u\000t\000i\000l\000i\000s\000a\000t\000i\000o\000n\000\040\000\253\000\040\000S\000'\000i\000n\000s\000c\000r\000i\000r\000e\000\040\000\273}{section.4.4}% 56
\BOOKMARK [2][-]{subsection.4.4.2}{\376\377\000D\000e\000s\000c\000r\000i\000p\000t\000i\000o\000n\000\040\000t\000e\000x\000t\000u\000e\000l\000l\000e\000\040\000d\000u\000\040\000c\000a\000s\000\040\000d\040\031\000u\000t\000i\000l\000i\000s\000a\000t\000i\000o\000n\000\040\000\253\000\040\000S\040\031\000a\000u\000t\000h\000e\000n\000t\000i\000f\000i\000e\000r\000\040\000\273}{section.4.4}% 57
\BOOKMARK [2][-]{subsection.4.4.3}{\376\377\000D\000e\000s\000c\000r\000i\000p\000t\000i\000o\000n\000\040\000t\000e\000x\000t\000u\000e\000l\000l\000e\000\040\000d\000u\000\040\000c\000a\000s\000\040\000d\040\031\000u\000t\000i\000l\000i\000s\000a\000t\000i\000o\000n\000\040\000\253\000\040\000M\000o\000d\000i\000f\000i\000e\000r\000\040\000l\000e\000\040\000p\000r\000o\000f\000i\000l\000\040\000\273}{section.4.4}% 58
\BOOKMARK [2][-]{subsection.4.4.4}{\376\377\000D\000e\000s\000c\000r\000i\000p\000t\000i\000o\000n\000\040\000t\000e\000x\000t\000u\000e\000l\000l\000e\000\040\000d\000u\000\040\000c\000a\000s\000\040\000d\040\031\000u\000t\000i\000l\000i\000s\000a\000t\000i\000o\000n\000\040\000\253\000\040\000M\000o\000d\000i\000f\000i\000e\000r\000\040\000m\000o\000t\000\040\000d\000e\000\040\000p\000a\000s\000s\000e\000\040\000\273}{section.4.4}% 59
\BOOKMARK [1][-]{section.4.5}{\376\377\000D\000i\000a\000g\000r\000a\000m\000m\000e\000\040\000d\000e\000\040\000s\000\351\000q\000u\000e\000n\000c\000e\000\040}{chapter.4}% 60
\BOOKMARK [2][-]{subsection.4.5.1}{\376\377\000D\000i\000a\000g\000r\000a\000m\000m\000e\000\040\000d\000e\000\040\000s\000\351\000q\000u\000e\000n\000c\000e\000\040\000\253\000\040\000S\040\031\000i\000n\000s\000c\000r\000i\000r\000e\000\040\000\273}{section.4.5}% 61
\BOOKMARK [2][-]{subsection.4.5.2}{\376\377\000D\000i\000a\000g\000r\000a\000m\000m\000e\000\040\000d\000e\000\040\000s\000\351\000q\000u\000e\000n\000c\000e\000\040\000\253\000\040\000S\040\031\000a\000u\000t\000h\000e\000n\000t\000i\000f\000i\000e\000r\000\040\000\273}{section.4.5}% 62
\BOOKMARK [2][-]{subsection.4.5.3}{\376\377\000D\000i\000a\000g\000r\000a\000m\000m\000e\000\040\000d\000e\000\040\000s\000\351\000q\000u\000e\000n\000c\000e\000\040\000\253\000\040\000C\000h\000a\000n\000g\000e\000r\000\040\000m\000o\000t\000\040\000d\000e\000\040\000p\000a\000s\000s\000e\000\040\000\273}{section.4.5}% 63
\BOOKMARK [1][-]{section.4.6}{\376\377\000D\000i\000a\000g\000r\000a\000m\000m\000e\000\040\000d\000e\000\040\000c\000l\000a\000s\000s\000e\000s}{chapter.4}% 64
\BOOKMARK [1][-]{section.4.7}{\376\377\000R\000\351\000a\000l\000i\000s\000a\000t\000i\000o\000n\000\040}{chapter.4}% 65
\BOOKMARK [2][-]{subsection.4.7.1}{\376\377\000A\000u\000t\000h\000e\000n\000t\000i\000f\000i\000c\000a\000t\000i\000o\000n}{section.4.7}% 66
\BOOKMARK [2][-]{subsection.4.7.2}{\376\377\000A\000u\000t\000h\000e\000n\000t\000i\000f\000i\000c\000a\000t\000i\000o\000n\000\040\000w\000e\000b}{section.4.7}% 67
\BOOKMARK [2][-]{subsection.4.7.3}{\376\377\000I\000n\000s\000c\000r\000i\000p\000t\000i\000o\000n}{section.4.7}% 68
\BOOKMARK [2][-]{subsection.4.7.4}{\376\377\000M\000o\000d\000i\000f\000i\000e\000r\000\040\000p\000r\000o\000f\000i\000l\000e}{section.4.7}% 69
\BOOKMARK [2][-]{subsection.4.7.5}{\376\377\000C\000h\000a\000n\000g\000e\000r\000\040\000m\000o\000t\000\040\000d\000e\000\040\000p\000a\000s\000s\000e}{section.4.7}% 70
\BOOKMARK [2][-]{subsection.4.7.6}{\376\377\000R\000\351\000i\000n\000i\000t\000i\000a\000l\000i\000s\000e\000r\000\040\000m\000o\000t\000\040\000d\000e\000\040\000p\000a\000s\000s\000e}{section.4.7}% 71
\BOOKMARK [2][-]{subsection.4.7.7}{\376\377\000P\000a\000g\000e\000\040\000P\000r\000o\000f\000i\000l\000e}{section.4.7}% 72
\BOOKMARK [1][-]{section.4.8}{\376\377\000C\000o\000n\000c\000l\000u\000s\000i\000o\000n\000\040}{chapter.4}% 73
\BOOKMARK [0][-]{chapter.5}{\376\377\000\040\000C\000h\000a\000p\000i\000t\000r\000e\000\040\0005\000\040\000:\000\040\000S\000p\000r\000i\000n\000t\000\040\0002\000\040\000"\000\040\000G\000e\000s\000t\000i\000o\000n\000\040\000=\000d\000e\000s\000\040\000U\000n\000i\000v\000e\000r\000s\000i\000t\000\351\000s\000\040\000E\000n\000d\000r\000o\000i\000t\000s\000\040\000e\000t\000\040\000d\000e\000s\000\040\000E\000x\000a\000m\000e\000n\000s\000"}{}% 74
\BOOKMARK [1][-]{section.5.1}{\376\377\000I\000n\000t\000r\000o\000d\000u\000c\000t\000i\000o\000n\000\040}{chapter.5}% 75
\BOOKMARK [1][-]{section.5.2}{\376\377\000B\000a\000c\000k\000l\000o\000g\000\040\000d\000u\000\040\000s\000p\000r\000i\000n\000t}{chapter.5}% 76
\BOOKMARK [1][-]{section.5.3}{\376\377\000A\000n\000a\000l\000y\000s\000e\000\040\000e\000t\000\040\000s\000p\000\351\000c\000i\000f\000i\000c\000a\000t\000i\000o\000n\000\040\000d\000e\000s\000\040\000b\000e\000s\000o\000i\000n\000s}{chapter.5}% 77
\BOOKMARK [2][-]{subsection.5.3.1}{\376\377\000D\000i\000a\000g\000r\000a\000m\000m\000e\000\040\000d\000e\000\040\000c\000a\000s\000\040\000d\040\031\000u\000t\000i\000l\000i\000s\000a\000t\000i\000o\000n\000\040\000d\000e\000t\000a\000i\000l\000l\000\351}{section.5.3}% 78
\BOOKMARK [2][-]{subsection.5.3.2}{\376\377\000D\000e\000s\000c\000r\000i\000p\000t\000i\000o\000n\000\040\000t\000e\000x\000t\000u\000e\000l\000l\000e\000\040\000d\000u\000\040\000c\000a\000s\000\040\000d\040\031\000u\000t\000i\000l\000i\000s\000a\000t\000i\000o\000n\000\040\000\253\000\040\000A\000j\000o\000u\000t\000e\000r\000\040\000u\000n\000\040\000e\000n\000d\000r\000o\000i\000t\000\040\000\273}{section.5.3}% 79
\BOOKMARK [2][-]{subsection.5.3.3}{\376\377\000D\000e\000s\000c\000r\000i\000p\000t\000i\000o\000n\000\040\000t\000e\000x\000t\000u\000e\000l\000l\000e\000\040\000d\000u\000\040\000c\000a\000s\000\040\000d\040\031\000u\000t\000i\000l\000i\000s\000a\000t\000i\000o\000n\000\040\000\253\000\040\000M\000o\000d\000i\000f\000i\000e\000r\000\040\000u\000n\000\040\000e\000n\000d\000r\000o\000i\000t\000\040\000\273}{section.5.3}% 80
\BOOKMARK [2][-]{subsection.5.3.4}{\376\377\000D\000e\000s\000c\000r\000i\000p\000t\000i\000o\000n\000\040\000t\000e\000x\000t\000u\000e\000l\000l\000e\000\040\000d\000u\000\040\000c\000a\000s\000\040\000d\040\031\000u\000t\000i\000l\000i\000s\000a\000t\000i\000o\000n\000\040\000\253\000\040\000S\000u\000p\000p\000r\000i\000m\000e\000r\000\040\000u\000n\000\040\000e\000n\000d\000r\000o\000i\000t\000\040\000\273}{section.5.3}% 81
\BOOKMARK [1][-]{section.5.4}{\376\377\000D\000i\000a\000g\000r\000a\000m\000m\000e\000\040\000d\000e\000\040\000s\000\351\000q\000u\000e\000n\000c\000e\000\040}{chapter.5}% 82
\BOOKMARK [2][-]{subsection.5.4.1}{\376\377\000D\000i\000a\000g\000r\000a\000m\000m\000e\000\040\000d\000e\000\040\000s\000\351\000q\000u\000e\000n\000c\000e\000\040\000\253\000\040\000A\000j\000o\000u\000t\000e\000r\000\040\000u\000n\000\040\000E\000n\000d\000r\000o\000i\000t\000\040\000\273}{section.5.4}% 83
\BOOKMARK [2][-]{subsection.5.4.2}{\376\377\000D\000i\000a\000g\000r\000a\000m\000m\000e\000\040\000d\000e\000\040\000s\000\351\000q\000u\000e\000n\000c\000e\000\040\000\253\000\040\000M\000o\000d\000i\000f\000i\000e\000r\000\040\000u\000n\000\040\000E\000n\000d\000r\000o\000i\000t\000\040\000\273}{section.5.4}% 84
\BOOKMARK [2][-]{subsection.5.4.3}{\376\377\000D\000i\000a\000g\000r\000a\000m\000m\000e\000\040\000d\000e\000\040\000s\000\351\000q\000u\000e\000n\000c\000e\000\040\000\253\000\040\000S\000u\000p\000p\000r\000i\000m\000e\000r\000\040\000u\000n\000\040\000E\000n\000d\000r\000o\000i\000t\000\040\000\273}{section.5.4}% 85
\BOOKMARK [1][-]{section.5.5}{\376\377\000D\000i\000a\000g\000r\000a\000m\000m\000e\000\040\000d\000e\000\040\000c\000l\000a\000s\000s\000e\000s\000\040}{chapter.5}% 86
\BOOKMARK [1][-]{section.5.6}{\376\377\000R\000\351\000a\000l\000i\000s\000a\000t\000i\000o\000n}{chapter.5}% 87
\BOOKMARK [2][-]{subsection.5.6.1}{\376\377\000C\000o\000n\000s\000u\000l\000t\000a\000t\000i\000o\000n\000\040\000d\000e\000\040\000l\000a\000\040\000l\000i\000s\000t\000e\000\040\000d\000e\000s\000\040\000u\000n\000i\000v\000e\000r\000s\000i\000t\000\351\000s}{section.5.6}% 88
\BOOKMARK [2][-]{subsection.5.6.2}{\376\377\000A\000j\000o\000u\000t\000\040\000d\000'\000u\000n\000e\000\040\000u\000n\000i\000v\000e\000s\000i\000t\000\351}{section.5.6}% 89
\BOOKMARK [2][-]{subsection.5.6.3}{\376\377\000M\000o\000d\000i\000f\000i\000e\000r\000\040\000u\000n\000\040\000e\000n\000d\000r\000o\000i\000t\000\040}{section.5.6}% 90
\BOOKMARK [2][-]{subsection.5.6.4}{\376\377\000D\000\351\000t\000a\000i\000l\000s\000\040\000d\000'\000u\000n\000\040\000e\000x\000a\000m\000e\000n}{section.5.6}% 91
\BOOKMARK [2][-]{subsection.5.6.5}{\376\377\000D\000\351\000t\000a\000i\000l\000s\000\040\000E\000n\000d\000r\000o\000i\000t\000\040\000d\000a\000n\000s\000\040\000l\000'\000a\000p\000p\000l\000i\000c\000a\000t\000i\000o\000n\000\040\000M\000o\000b\000i\000l\000e}{section.5.6}% 92
\BOOKMARK [2][-]{subsection.5.6.6}{\376\377\000D\000\351\000t\000a\000i\000l\000s\000\040\000U\000n\000i\000v\000e\000r\000s\000i\000t\000\351\000\040\000d\000a\000n\000s\000\040\000l\000'\000a\000p\000p\000l\000i\000c\000a\000t\000i\000o\000n\000\040\000M\000o\000b\000i\000l\000e}{section.5.6}% 93
\BOOKMARK [2][-]{subsection.5.6.7}{\376\377\000P\000a\000r\000t\000i\000e\000\040\000e\000x\000a\000m\000e\000n\000\040\000d\000a\000n\000s\000\040\000l\000'\000a\000p\000p\000l\000i\000c\000a\000t\000i\000o\000n\000\040\000m\000o\000b\000i\000l\000e}{section.5.6}% 94
\BOOKMARK [1][-]{section.5.7}{\376\377\000C\000o\000n\000c\000l\000u\000s\000i\000o\000n\000\040}{chapter.5}% 95
\BOOKMARK [0][-]{chapter.6}{\376\377\000\040\000C\000h\000a\000p\000i\000t\000r\000e\000\040\0006\000\040\000:\000S\000p\000r\000i\000n\000t\000\040\0003\000\040\000"\000\040\000G\000e\000s\000t\000i\000o\000n\000\040\000d\000e\000s\000\040\000=\000T\000r\000a\000n\000s\000p\000o\000r\000t\000s\000\040\000,\000E\000v\000\351\000n\000e\000m\000e\000n\000t\000\040\000e\000t\000\040\000d\000e\000s\000\040\000S\000t\000a\000g\000e\000s\000"}{}% 96
\BOOKMARK [1][-]{section.6.1}{\376\377\000I\000n\000t\000r\000o\000d\000u\000c\000t\000i\000o\000n\000\040}{chapter.6}% 97
\BOOKMARK [1][-]{section.6.2}{\376\377\000B\000a\000c\000k\000l\000o\000g\000\040\000d\000u\000\040\000s\000p\000r\000i\000n\000t}{chapter.6}% 98
\BOOKMARK [1][-]{section.6.3}{\376\377\000A\000n\000a\000l\000y\000s\000e\000\040\000e\000t\000\040\000s\000p\000\351\000c\000i\000f\000i\000c\000a\000t\000i\000o\000n\000\040\000d\000e\000s\000\040\000b\000e\000s\000o\000i\000n\000s}{chapter.6}% 99
\BOOKMARK [2][-]{subsection.6.3.1}{\376\377\000D\000i\000a\000g\000r\000a\000m\000m\000e\000\040\000d\000e\000\040\000c\000l\000a\000s\000s\000e\000s\000\040}{section.6.3}% 100
\BOOKMARK [2][-]{subsection.6.3.2}{\376\377\000D\000e\000s\000c\000r\000i\000p\000t\000i\000o\000n\000\040\000t\000e\000x\000t\000u\000e\000l\000l\000e\000\040\000d\000u\000\040\000c\000a\000s\000\040\000d\040\031\000u\000t\000i\000l\000i\000s\000a\000t\000i\000o\000n\000\040\000\253\000A\000j\000o\000u\000t\000e\000r\000\040\000u\000n\000\040\000s\000t\000a\000g\000e\000\273}{section.6.3}% 101
\BOOKMARK [2][-]{subsection.6.3.3}{\376\377\000D\000e\000s\000c\000r\000i\000p\000t\000i\000o\000n\000\040\000t\000e\000x\000t\000u\000e\000l\000l\000e\000\040\000d\000u\000\040\000c\000a\000s\000\040\000d\040\031\000u\000t\000i\000l\000i\000s\000a\000t\000i\000o\000n\000\040\000\253\000M\000o\000d\000i\000f\000i\000e\000r\000\040\000u\000n\000\040\000s\000t\000a\000g\000e\000\273}{section.6.3}% 102
\BOOKMARK [2][-]{subsection.6.3.4}{\376\377\000D\000e\000s\000c\000r\000i\000p\000t\000i\000o\000n\000\040\000t\000e\000x\000t\000u\000e\000l\000l\000e\000\040\000d\000u\000\040\000c\000a\000s\000\040\000d\040\031\000u\000t\000i\000l\000i\000s\000a\000t\000i\000o\000n\000\040\000\253\000S\000u\000p\000p\000r\000i\000m\000e\000r\000\040\000u\000n\000\040\000s\000t\000a\000g\000e\000\273}{section.6.3}% 103
\BOOKMARK [1][-]{section.6.4}{\376\377\000D\000i\000a\000g\000r\000a\000m\000m\000e\000\040\000d\000e\000\040\000s\000\351\000q\000u\000e\000n\000c\000e\000\040}{chapter.6}% 104
\BOOKMARK [2][-]{subsection.6.4.1}{\376\377\000D\000i\000a\000g\000r\000a\000m\000m\000e\000\040\000d\000e\000\040\000s\000\351\000q\000u\000e\000n\000c\000e\000\040\000\253\000A\000j\000o\000u\000t\000e\000r\000\040\000u\000n\000\040\000S\000t\000a\000g\000e\000\273}{section.6.4}% 105
\BOOKMARK [2][-]{subsection.6.4.2}{\376\377\000D\000i\000a\000g\000r\000a\000m\000m\000e\000\040\000d\000e\000\040\000s\000\351\000q\000u\000e\000n\000c\000e\000\040\000\253\000M\000o\000d\000i\000f\000i\000e\000r\000\040\000u\000n\000\040\000S\000t\000a\000g\000e\000\273}{section.6.4}% 106
\BOOKMARK [2][-]{subsection.6.4.3}{\376\377\000D\000i\000a\000g\000r\000a\000m\000m\000e\000\040\000d\000e\000\040\000s\000\351\000q\000u\000e\000n\000c\000e\000\040\000\253\000S\000u\000p\000p\000r\000i\000m\000e\000r\000\040\000u\000n\000\040\000S\000t\000a\000g\000e\000\273}{section.6.4}% 107
\BOOKMARK [1][-]{section.6.5}{\376\377\000D\000i\000a\000g\000r\000a\000m\000m\000e\000\040\000d\000e\000\040\000c\000l\000a\000s\000s\000e\000s\000\040}{chapter.6}% 108
\BOOKMARK [1][-]{section.6.6}{\376\377\000R\000\351\000a\000l\000i\000s\000a\000t\000i\000o\000n\000\040}{chapter.6}% 109
\BOOKMARK [2][-]{subsection.6.6.1}{\376\377\000A\000j\000o\000u\000t\000\040\000d\000'\000u\000n\000\040\000\351\000v\000e\000n\000e\000m\000e\000n\000t}{section.6.6}% 110
\BOOKMARK [2][-]{subsection.6.6.2}{\376\377\000M\000o\000d\000i\000f\000i\000c\000a\000t\000i\000o\000n\000\040\000d\000'\000u\000n\000\040\000s\000t\000a\000g\000e}{section.6.6}% 111
\BOOKMARK [1][-]{section.6.7}{\376\377\000E\000f\000f\000a\000c\000e\000r\000\040\000u\000n\000\040\000m\000o\000y\000e\000n\000\040\000d\000u\000\040\000t\000r\000a\000n\000s\000p\000o\000r\000t\000\040}{chapter.6}% 112
\BOOKMARK [2][-]{subsection.6.7.1}{\376\377\000E\000v\000e\000n\000e\000m\000e\000n\000t\000\040\000p\000a\000r\000t\000i\000e\000\040\000M\000o\000b\000i\000l\000e\000\040}{section.6.7}% 113
\BOOKMARK [2][-]{subsection.6.7.2}{\376\377\000S\000t\000a\000g\000e\000\040\000p\000a\000r\000t\000i\000e\000\040\000m\000o\000b\000i\000l\000e\000\040}{section.6.7}% 114
\BOOKMARK [2][-]{subsection.6.7.3}{\376\377\000L\000e\000s\000\040\000m\000o\000y\000e\000n\000s\000\040\000d\000e\000s\000\040\000t\000r\000a\000n\000s\000p\000o\000r\000t\000s\000\040\000p\000a\000r\000t\000i\000e\000\040\000m\000o\000b\000i\000l\000e\000\040}{section.6.7}% 115
\BOOKMARK [1][-]{section.6.8}{\376\377\000C\000o\000n\000c\000l\000u\000s\000i\000o\000n\000\040}{chapter.6}% 116
\BOOKMARK [0][-]{chapter.7}{\376\377\000\040\000C\000h\000a\000p\000i\000t\000r\000e\000\040\0007\000\040\000:\000\040\000S\000p\000r\000i\000n\000t\000\040\0004\000\040\000"\000G\000e\000s\000t\000i\000o\000n\000\040\000=\000d\000e\000s\000\040\000P\000u\000b\000l\000i\000c\000a\000t\000i\000o\000n\000s\000\040\000e\000t\000\040\000d\000e\000s\000\040\000N\000o\000t\000i\000f\000i\000c\000a\000t\000i\000o\000n\000s\000"}{}% 117
\BOOKMARK [1][-]{section.7.1}{\376\377\000I\000n\000t\000r\000o\000d\000u\000c\000t\000i\000o\000n\000\040}{chapter.7}% 118
\BOOKMARK [1][-]{section.7.2}{\376\377\000B\000a\000c\000k\000l\000o\000g\000\040\000d\000u\000\040\000s\000p\000r\000i\000n\000t}{chapter.7}% 119
\BOOKMARK [1][-]{section.7.3}{\376\377\000L\000'\000A\000l\000g\000o\000r\000i\000t\000h\000m\000e\000\040\000d\000e\000s\000\040\000p\000u\000b\000l\000i\000c\000a\000t\000i\000o\000n\000s}{chapter.7}% 120
\BOOKMARK [1][-]{section.7.4}{\376\377\000L\000e\000s\000\040\000N\000o\000t\000i\000f\000i\000c\000a\000t\000i\000o\000n\000s\000\040}{chapter.7}% 121
\BOOKMARK [1][-]{section.7.5}{\376\377\000A\000n\000a\000l\000y\000s\000e\000\040\000e\000t\000\040\000s\000p\000\351\000c\000i\000f\000i\000c\000a\000t\000i\000o\000n\000\040\000d\000e\000s\000\040\000b\000e\000s\000o\000i\000n\000s}{chapter.7}% 122
\BOOKMARK [2][-]{subsection.7.5.1}{\376\377\000D\000i\000a\000g\000r\000a\000m\000m\000e\000\040\000d\000e\000\040\000c\000a\000s\000\040\000d\040\031\000u\000t\000i\000l\000i\000s\000a\000t\000i\000o\000n\000\040\000d\000\351\000t\000a\000i\000l\000l\000\351}{section.7.5}% 123
\BOOKMARK [2][-]{subsection.7.5.2}{\376\377\000D\000e\000s\000c\000r\000i\000p\000t\000i\000o\000n\000\040\000t\000e\000x\000t\000u\000e\000l\000l\000e\000\040\000d\000u\000\040\000c\000a\000s\000\040\000d\040\031\000u\000t\000i\000l\000i\000s\000a\000t\000i\000o\000n\000\040\000\253\000\040\000C\000r\000\351\000e\000r\000\040\000u\000n\000e\000\040\000p\000u\000b\000l\000i\000c\000a\000t\000i\000o\000n\000\040\000\273}{section.7.5}% 124
\BOOKMARK [2][-]{subsection.7.5.3}{\376\377\000D\000e\000s\000c\000r\000i\000p\000t\000i\000o\000n\000\040\000t\000e\000x\000t\000u\000e\000l\000l\000e\000\040\000d\000u\000\040\000c\000a\000s\000\040\000d\040\031\000u\000t\000i\000l\000i\000s\000a\000t\000i\000o\000n\000\040\000\253\000\040\000C\000r\000\351\000e\000r\000\040\000u\000n\000e\000\040\000n\000o\000t\000i\000f\000i\000c\000a\000t\000i\000o\000n\000\040\000p\000e\000r\000s\000o\000n\000n\000a\000l\000i\000s\000\351\000e\000\040\000\273}{section.7.5}% 125
\BOOKMARK [1][-]{section.7.6}{\376\377\000D\000i\000a\000g\000r\000a\000m\000m\000e\000\040\000d\000e\000\040\000s\000\351\000q\000u\000e\000n\000c\000e\000\040}{chapter.7}% 126
\BOOKMARK [2][-]{subsection.7.6.1}{\376\377\000D\000i\000a\000g\000r\000a\000m\000m\000e\000\040\000d\000e\000\040\000s\000\351\000q\000u\000e\000n\000c\000e\000\040\000\253\000C\000r\000\351\000e\000r\000\040\000u\000n\000e\000\040\000p\000u\000b\000l\000i\000c\000a\000t\000i\000o\000n\000\273}{section.7.6}% 127
\BOOKMARK [2][-]{subsection.7.6.2}{\376\377\000D\000i\000a\000g\000r\000a\000m\000m\000e\000\040\000d\000e\000\040\000s\000\351\000q\000u\000e\000n\000c\000e\000\040\000\253\000C\000r\000\351\000e\000r\000\040\000u\000n\000e\000\040\000n\000o\000t\000i\000f\000i\000c\000a\000t\000i\000o\000n\000\273}{section.7.6}% 128
\BOOKMARK [1][-]{section.7.7}{\376\377\000D\000i\000a\000g\000r\000a\000m\000m\000e\000\040\000d\000e\000\040\000c\000l\000a\000s\000s\000e\000s\000\040\000d\000e\000t\000a\000i\000l\000l\000\351\000\040}{chapter.7}% 129
\BOOKMARK [1][-]{section.7.8}{\376\377\000R\000\351\000a\000l\000i\000s\000a\000t\000i\000o\000n\000\040}{chapter.7}% 130
\BOOKMARK [2][-]{subsection.7.8.1}{\376\377\000P\000a\000g\000e\000\040\000c\000r\000\351\000e\000r\000\040\000u\000n\000e\000\040\000p\000u\000b\000l\000i\000c\000a\000t\000i\000o\000n}{section.7.8}% 131
\BOOKMARK [1][-]{section.7.9}{\376\377\000I\000n\000t\000e\000r\000f\000a\000c\000e\000\040\000c\000o\000m\000m\000e\000n\000t\000e\000r\000\040\000e\000t\000\040\000r\000\351\000a\000g\000i\000r\000\040\000s\000u\000r\000\040\000u\000n\000e\000\040\000p\000u\000b\000l\000i\000c\000a\000t\000i\000o\000n}{chapter.7}% 132
\BOOKMARK [2][-]{subsection.7.9.1}{\376\377\000I\000n\000t\000e\000r\000f\000a\000c\000e\000\040\000A\000c\000c\000e\000u\000i\000l\000\040\000m\000o\000b\000i\000l\000e\000\040}{section.7.9}% 133
\BOOKMARK [2][-]{subsection.7.9.2}{\376\377\000I\000n\000t\000e\000r\000f\000a\000c\000e\000\040\000N\000o\000t\000i\000f\000i\000c\000a\000t\000i\000o\000n\000\040\000m\000o\000b\000i\000l\000e\000\040}{section.7.9}% 134
\BOOKMARK [2][-]{subsection.7.9.3}{\376\377\000I\000n\000t\000e\000r\000f\000a\000c\000e\000\040\000N\000o\000t\000i\000f\000i\000c\000a\000t\000i\000o\000n\000\040\000P\000e\000r\000s\000o\000n\000a\000l\000i\000s\000\351\000e\000\040}{section.7.9}% 135
\BOOKMARK [2][-]{subsection.7.9.4}{\376\377\000C\000o\000n\000c\000l\000u\000s\000i\000o\000n\000\040}{section.7.9}% 136
\BOOKMARK [0][-]{chapter.8}{\376\377\000\040\000C\000h\000a\000p\000i\000t\000r\000e\000\040\0008\000\040\000:\000\040\000S\000p\000r\000i\000n\000t\000\040\0005\000\040\000"\000R\000e\000c\000h\000e\000r\000c\000h\000e\000\040\000d\000e\000s\000\040\000d\000o\000n\000n\000\351\000e\000s\000\040\000s\000u\000r\000\040\000u\000n\000\040\000M\000a\000p\000,\000\040\000=\000G\000e\000s\000t\000i\000o\000n\000\040\000d\000e\000s\000\040\000t\000a\000b\000l\000e\000a\000u\000x\000\040\000d\000e\000\040\000b\000o\000r\000d\000\040\000e\000t\000\040\000d\000e\000s\000\040\000M\000e\000s\000s\000a\000g\000e\000r\000i\000e\000s\000"}{}% 137
\BOOKMARK [1][-]{section.8.1}{\376\377\000I\000n\000t\000r\000o\000d\000u\000c\000t\000i\000o\000n}{chapter.8}% 138
\BOOKMARK [1][-]{section.8.2}{\376\377\000B\000a\000c\000k\000l\000o\000g\000\040\000d\000u\000\040\000s\000p\000r\000i\000n\000t}{chapter.8}% 139
\BOOKMARK [1][-]{section.8.3}{\376\377\000A\000n\000a\000l\000y\000s\000e\000\040\000e\000t\000\040\000s\000p\000\351\000c\000i\000f\000i\000c\000a\000t\000i\000o\000n\000\040\000d\000e\000s\000\040\000b\000e\000s\000o\000i\000n\000s}{chapter.8}% 140
\BOOKMARK [2][-]{subsection.8.3.1}{\376\377\000D\000i\000a\000g\000r\000a\000m\000m\000e\000\040\000d\000e\000\040\000c\000a\000s\000\040\000d\040\031\000u\000t\000i\000l\000i\000s\000a\000t\000i\000o\000n\000\040\000d\000\351\000t\000a\000i\000l\000l\000\351}{section.8.3}% 141
\BOOKMARK [2][-]{subsection.8.3.2}{\376\377\000D\000e\000s\000c\000r\000i\000p\000t\000i\000o\000n\000\040\000t\000e\000x\000t\000u\000e\000l\000l\000e\000\040\000d\000u\000\040\000c\000a\000s\000\040\000d\040\031\000u\000t\000i\000l\000i\000s\000a\000t\000i\000o\000n\000\040\000\253\000E\000n\000v\000o\000y\000e\000r\000\040\000u\000n\000\040\000m\000e\000s\000s\000a\000g\000e\000\040\000\340\000\040\000l\000'\000a\000d\000m\000i\000n\000i\000s\000t\000r\000a\000t\000e\000u\000r\000\273}{section.8.3}% 142
\BOOKMARK [2][-]{subsection.8.3.3}{\376\377\000D\000e\000s\000c\000r\000i\000p\000t\000i\000o\000n\000\040\000t\000e\000x\000t\000u\000e\000l\000l\000e\000\040\000d\000u\000\040\000c\000a\000s\000\040\000d\040\031\000u\000t\000i\000l\000i\000s\000a\000t\000i\000o\000n\000\040\000\253\000E\000n\000v\000o\000y\000e\000r\000\040\000u\000n\000\040\000m\000e\000s\000s\000a\000g\000e\000\040\000\340\000\040\000u\000n\000\040\000\311\000t\000u\000d\000i\000a\000n\000t\000\273}{section.8.3}% 143
\BOOKMARK [1][-]{section.8.4}{\376\377\000D\000i\000a\000g\000r\000a\000m\000m\000e\000\040\000d\000e\000\040\000s\000\351\000q\000u\000e\000n\000c\000e\000\040}{chapter.8}% 144
\BOOKMARK [2][-]{subsection.8.4.1}{\376\377\000D\000i\000a\000g\000r\000a\000m\000m\000e\000\040\000d\000e\000\040\000s\000\351\000q\000u\000e\000n\000c\000e\000\040\000<\000<\000C\000o\000n\000t\000a\000c\000t\000e\000r\000\040\000u\000n\000\040\000\351\000t\000u\000d\000i\000a\000n\000t\000>\000>\000\040}{section.8.4}% 145
\BOOKMARK [2][-]{subsection.8.4.2}{\376\377\000D\000i\000a\000g\000r\000a\000m\000m\000e\000\040\000d\000e\000\040\000s\000\351\000q\000u\000e\000n\000c\000e\000\040\000<\000<\000C\000o\000n\000t\000a\000c\000t\000e\000r\000\040\000a\000d\000m\000i\000n\000>\000>\000\040}{section.8.4}% 146
\BOOKMARK [1][-]{section.8.5}{\376\377\000D\000i\000a\000g\000r\000a\000m\000m\000e\000\040\000d\000e\000\040\000c\000l\000a\000s\000s\000e\000s\000\040}{chapter.8}% 147
\BOOKMARK [1][-]{section.8.6}{\376\377\000R\000\351\000a\000l\000i\000s\000a\000t\000i\000o\000n\000\040}{chapter.8}% 148
\BOOKMARK [1][-]{section.8.7}{\376\377\000C\000o\000n\000t\000a\000c\000t\000\040\000a\000d\000m\000i\000n\000i\000s\000t\000r\000a\000t\000e\000u\000r}{chapter.8}% 149
\BOOKMARK [1][-]{section.8.8}{\376\377\000C\000o\000n\000t\000a\000c\000t\000\040\000U\000t\000i\000l\000i\000s\000a\000t\000e\000u\000r\000\040}{chapter.8}% 150
\BOOKMARK [1][-]{section.8.9}{\376\377\000L\000e\000\040\000D\000a\000s\000h\000b\000o\000r\000d\000\040\000d\000'\000a\000d\000m\000i\000n\000i\000s\000t\000r\000a\000t\000e\000u\000r\000\040}{chapter.8}% 151
\BOOKMARK [1][-]{section.8.10}{\376\377\000L\000a\000\040\000c\000a\000r\000t\000e\000\040\000m\000a\000p\000\040}{chapter.8}% 152
\BOOKMARK [1][-]{section.8.11}{\376\377\000C\000o\000n\000c\000l\000u\000s\000i\000o\000n\000\040}{chapter.8}% 153
\BOOKMARK [0][-]{chapter*.92}{\376\377\000C\000O\000N\000C\000L\000U\000S\000I\000O\000N\000\040\000G\000\311\000N\000\311\000R\000A\000L\000E}{}% 154
\BOOKMARK [0][-]{chapter*.93}{\376\377\000B\000i\000b\000l\000i\000o\000g\000r\000a\000p\000h\000i\000e}{}% 155
\BOOKMARK [0][-]{chapter*.94}{\376\377\000N\000e\000t\000o\000g\000r\000a\000p\000h\000i\000e}{}% 156
