This is pdfTeX, Version 3.141592653-2.6-1.40.29 (MiKTeX 26.2) (preloaded format=pdflatex 2026.5.2)  10 MAY 2026 16:38
entering extended mode
 restricted \write18 enabled.
 %&-line parsing enabled.
**./main.tex
(main.tex
LaTeX2e <2025-11-01>
L3 programming layer <2026-03-20>
(enetcom-pfe-report.cls
(C:\Users\boufa\AppData\Local\Programs\MiKTeX\tex/latex/silence\silence.sty
Package: silence 2012/07/02 v1.5b Selective filtering of warnings and error mes
sages
\sl@Save=\count275
\sl@StateNumber=\count276
\sl@MessageCount=\count277
\sl@Casualties=\count278
\sl@Filter=\toks17
\sl@Message=\toks18
\sl@UnexpandedMessage=\toks19
\sl@Mess@ge=\toks20
\sl@WarningCount=\count279
\sl@WarningNumber=\count280
\sl@WarningCasualties=\count281
\sl@TempBOW=\toks21
\sl@BankOfWarnings=\toks22
LaTeX Info: Redefining \GenericWarning on input line 433.
\sl@ErrorCount=\count282
\sl@ErrorNumber=\count283
\sl@ErrorCasualties=\count284
\sl@TempBOE=\toks23
\sl@BankOfErrors=\toks24
LaTeX Info: Redefining \GenericError on input line 601.
)
(C:\Users\boufa\AppData\Local\Programs\MiKTeX\tex/latex/base\report.cls
Document Class: report 2025/01/22 v1.4n Standard LaTeX document class
(C:\Users\boufa\AppData\Local\Programs\MiKTeX\tex/latex/base\size12.clo
File: size12.clo 2025/01/22 v1.4n Standard LaTeX file (size option)
)
\c@part=\count285
\c@chapter=\count286
\c@section=\count287
\c@subsection=\count288
\c@subsubsection=\count289
\c@paragraph=\count290
\c@subparagraph=\count291
\c@figure=\count292
\c@table=\count293
\abovecaptionskip=\skip49
\belowcaptionskip=\skip50
\bibindent=\dimen150
)
(C:\Users\boufa\AppData\Local\Programs\MiKTeX\tex/latex/geometry\geometry.sty
Package: geometry 2026/03/07 v6.0 Page Geometry

(C:\Users\boufa\AppData\Local\Programs\MiKTeX\tex/latex/graphics\keyval.sty
Package: keyval 2022/05/29 v1.15 key=value parser (DPC)
\KV@toks@=\toks25
)
(C:\Users\boufa\AppData\Local\Programs\MiKTeX\tex/generic/iftex\ifvtex.sty
Package: ifvtex 2019/10/25 v1.7 ifvtex legacy package. Use iftex instead.

(C:\Users\boufa\AppData\Local\Programs\MiKTeX\tex/generic/iftex\iftex.sty
Package: iftex 2024/12/12 v1.0g TeX engine tests
))
\Gm@cnth=\count294
\Gm@cntv=\count295
\c@Gm@tempcnt=\count296
\Gm@bindingoffset=\dimen151
\Gm@wd@mp=\dimen152
\Gm@odd@mp=\dimen153
\Gm@even@mp=\dimen154
\Gm@layoutwidth=\dimen155
\Gm@layoutheight=\dimen156
\Gm@layouthoffset=\dimen157
\Gm@layoutvoffset=\dimen158
\Gm@dimlist=\toks26

(C:\Users\boufa\AppData\Local\Programs\MiKTeX\tex/latex/geometry\geometry.cfg))
(C:\Users\boufa\AppData\Local\Programs\MiKTeX\tex/latex/environ\environ.sty
Package: environ 2014/05/04 v0.3 A new way to define environments

(C:\Users\boufa\AppData\Local\Programs\MiKTeX\tex/latex/trimspaces\trimspaces.s
ty
Package: trimspaces 2009/09/17 v1.1 Trim spaces around a token list
)
\@envbody=\toks27
)
(C:\Users\boufa\AppData\Local\Programs\MiKTeX\tex/latex/tools\longtable.sty
Package: longtable 2025-10-13 v4.24 Multi-page Table package (DPC)
\LTleft=\skip51
\LTright=\skip52
\LTpre=\skip53
\LTpost=\skip54
\LTchunksize=\count297
\LTcapwidth=\dimen159
\LT@head=\box53
\LT@firsthead=\box54
\LT@foot=\box55
\LT@lastfoot=\box56
\LT@gbox=\box57
\LT@cols=\count298
\LT@rows=\count299
\c@LT@tables=\count300
\c@LT@chunks=\count301
\LT@p@ftn=\toks28
)
(C:\Users\boufa\AppData\Local\Programs\MiKTeX\tex/latex/tools\array.sty
Package: array 2025/09/25 v2.6n Tabular extension package (FMi)
\col@sep=\dimen160
\ar@mcellbox=\box58
\extrarowheight=\dimen161
\NC@list=\toks29
\extratabsurround=\skip55
\backup@length=\skip56
\ar@cellbox=\box59
)
(C:\Users\boufa\AppData\Local\Programs\MiKTeX\tex/latex/base\inputenc.sty
Package: inputenc 2024/02/08 v1.3d Input encoding file
\inpenc@prehook=\toks30
\inpenc@posthook=\toks31
)

! LaTeX Error: File `verse.sty' not found.

Type X to quit or <RETURN> to proceed,
or enter new name. (Default extension: sty)

Enter file name: @poemline=\count303
\c@fvsline=\count304
\c@modulo@vs=\count305
\c@verse@envctr=\count306
\versewidth=\skip57
\vgap=\skip58
\vindent=\skip59
\stanzaskip=\skip60
\vleftskip=\skip61
\vrightskip=\skip62
\c@chrsinstr=\count307
\beforepoemtitleskip=\skip63
\afterpoemtitleskip=\skip64
)
(C:\Users\boufa\AppData\Local\Programs\MiKTeX\tex/latex/xcolor\xcolor.sty
Package: xcolor 2024/09/29 v3.02 LaTeX color extensions (UK)

(C:\Users\boufa\AppData\Local\Programs\MiKTeX\tex/latex/graphics-cfg\color.cfg
File: color.cfg 2016/01/02 v1.6 sample color configuration
)
Package xcolor Info: Driver file: pdftex.def on input line 274.

(C:\Users\boufa\AppData\Local\Programs\MiKTeX\tex/latex/graphics-def\pdftex.def
File: pdftex.def 2025/09/29 v1.2d Graphics/color driver for pdftex
)
(C:\Users\boufa\AppData\Local\Programs\MiKTeX\tex/latex/graphics\mathcolor.ltx)
Package xcolor Info: Model `cmy' substituted by `cmy0' on input line 1349.
Package xcolor Info: Model `hsb' substituted by `rgb' on input line 1353.
Package xcolor Info: Model `RGB' extended on input line 1365.
Package xcolor Info: Model `HTML' substituted by `rgb' on input line 1367.
Package xcolor Info: Model `Hsb' substituted by `hsb' on input line 1368.
Package xcolor Info: Model `tHsb' substituted by `hsb' on input line 1369.
Package xcolor Info: Model `HSB' substituted by `hsb' on input line 1370.
Package xcolor Info: Model `Gray' substituted by `gray' on input line 1371.
Package xcolor Info: Model `wave' substituted by `hsb' on input line 1372.
) (C:\Users\boufa\AppData\Local\Programs\MiKTeX\tex/latex/colortbl\colortbl.sty
Package: colortbl 2024/10/29 v1.0k Color table columns (DPC)
\everycr=\toks32
\minrowclearance=\skip65
\rownum=\count308
) (C:\Users\boufa\AppData\Local\Programs\MiKTeX\tex/latex/titlesec\titlesec.sty
Package: titlesec 2025/01/04 v2.17 Sectioning titles
\ttl@box=\box60
\beforetitleunit=\skip66
\aftertitleunit=\skip67
\ttl@plus=\dimen162
\ttl@minus=\dimen163
\ttl@toksa=\toks33
\titlewidth=\dimen164
\titlewidthlast=\dimen165
\titlewidthfirst=\dimen166
) (C:\Users\boufa\AppData\Local\Programs\MiKTeX\tex/latex/chngcntr\chngcntr.sty
Package: chngcntr 2018/04/09 v1.1a change counter resetting
Package chngcntr Info: \counterwithout already defined.
(chngcntr)             Quitting chngcntr on input line 21.
) (C:\Users\boufa\AppData\Local\Programs\MiKTeX\tex/latex/fancyhdr\fancyhdr.sty
Package: fancyhdr 2025/02/07 v5.2 Extensive control of page headers and footers

\f@nch@headwidth=\skip68
\f@nch@offset@elh=\skip69
\f@nch@offset@erh=\skip70
\f@nch@offset@olh=\skip71
\f@nch@offset@orh=\skip72
\f@nch@offset@elf=\skip73
\f@nch@offset@erf=\skip74
\f@nch@offset@olf=\skip75
\f@nch@offset@orf=\skip76
\f@nch@height=\skip77
\f@nch@footalignment=\skip78
\f@nch@widthL=\skip79
\f@nch@widthC=\skip80
\f@nch@widthR=\skip81
\@temptokenb=\toks34
) (C:\Users\boufa\AppData\Local\Programs\MiKTeX\tex/latex/caption\caption.sty
Package: caption 2023/08/05 v3.6o Customizing captions (AR)

(C:\Users\boufa\AppData\Local\Programs\MiKTeX\tex/latex/caption\caption3.sty
Package: caption3 2023/07/31 v2.4d caption3 kernel (AR)
\caption@tempdima=\dimen167
\captionmargin=\dimen168
\caption@leftmargin=\dimen169
\caption@rightmargin=\dimen170
\caption@width=\dimen171
\caption@indent=\dimen172
\caption@parindent=\dimen173
\caption@hangindent=\dimen174
Package caption Info: Standard document class detected.
)
\c@caption@flags=\count309
\c@continuedfloat=\count310
Package caption Info: longtable package is loaded.

(C:\Users\boufa\AppData\Local\Programs\MiKTeX\tex/latex/caption\ltcaption.sty
Package: ltcaption 2021/01/08 v1.4c longtable captions (AR)
)) (C:\Users\boufa\AppData\Local\Programs\MiKTeX\tex/latex/caption\subcaption.s
ty
Package: subcaption 2023/07/28 v1.6b Sub-captions (AR)
Package caption Info: New subtype `subfigure' on input line 238.
\c@subfigure=\count311
Package caption Info: New subtype `subtable' on input line 238.
\c@subtable=\count312
) (C:\Users\boufa\AppData\Local\Programs\MiKTeX\tex/latex/hyperref\hyperref.sty
Package: hyperref 2026-01-29 v7.01p Hypertext links for LaTeX

(C:\Users\boufa\AppData\Local\Programs\MiKTeX\tex/latex/kvsetkeys\kvsetkeys.sty
Package: kvsetkeys 2022-10-05 v1.19 Key value parser (HO)
)
(C:\Users\boufa\AppData\Local\Programs\MiKTeX\tex/generic/kvdefinekeys\kvdefine
keys.sty
Package: kvdefinekeys 2019-12-19 v1.6 Define keys (HO)
)
(C:\Users\boufa\AppData\Local\Programs\MiKTeX\tex/generic/pdfescape\pdfescape.s
ty
Package: pdfescape 2019/12/09 v1.15 Implements pdfTeX's escape features (HO)

(C:\Users\boufa\AppData\Local\Programs\MiKTeX\tex/generic/ltxcmds\ltxcmds.sty
Package: ltxcmds 2023-12-04 v1.26 LaTeX kernel commands for general use (HO)
)
(C:\Users\boufa\AppData\Local\Programs\MiKTeX\tex/generic/pdftexcmds\pdftexcmds
.sty
Package: pdftexcmds 2020-06-27 v0.33 Utility functions of pdfTeX for LuaTeX (HO
)

(C:\Users\boufa\AppData\Local\Programs\MiKTeX\tex/generic/infwarerr\infwarerr.s
ty
Package: infwarerr 2019/12/03 v1.5 Providing info/warning/error messages (HO)
)
Package pdftexcmds Info: \pdf@primitive is available.
Package pdftexcmds Info: \pdf@ifprimitive is available.
Package pdftexcmds Info: \pdfdraftmode found.
))
(C:\Users\boufa\AppData\Local\Programs\MiKTeX\tex/latex/hycolor\hycolor.sty
Package: hycolor 2020-01-27 v1.10 Color options for hyperref/bookmark (HO)
)
(C:\Users\boufa\AppData\Local\Programs\MiKTeX\tex/latex/hyperref\nameref.sty
Package: nameref 2026-01-29 v2.58 Cross-referencing by name of section

(C:\Users\boufa\AppData\Local\Programs\MiKTeX\tex/latex/refcount\refcount.sty
Package: refcount 2019/12/15 v3.6 Data extraction from label references (HO)
)
(C:\Users\boufa\AppData\Local\Programs\MiKTeX\tex/generic/gettitlestring\gettit
lestring.sty
Package: gettitlestring 2019/12/15 v1.6 Cleanup title references (HO)

(C:\Users\boufa\AppData\Local\Programs\MiKTeX\tex/latex/kvoptions\kvoptions.sty
Package: kvoptions 2022-06-15 v3.15 Key value format for package options (HO)
))
\c@section@level=\count313
)
(C:\Users\boufa\AppData\Local\Programs\MiKTeX\tex/latex/etoolbox\etoolbox.sty
Package: etoolbox 2025/10/02 v2.5m e-TeX tools for LaTeX (JAW)
\etb@tempcnta=\count314
)
(C:\Users\boufa\AppData\Local\Programs\MiKTeX\tex/generic/stringenc\stringenc.s
ty
Package: stringenc 2019/11/29 v1.12 Convert strings between diff. encodings (HO
)
)
\@linkdim=\dimen175
\Hy@linkcounter=\count315
\Hy@pagecounter=\count316
 (C:\Users\boufa\AppData\Local\Programs\MiKTeX\tex/latex/hyperref\pd1enc.def
File: pd1enc.def 2026-01-29 v7.01p Hyperref: PDFDocEncoding definition (HO)
Now handling font encoding PD1 ...
... no UTF-8 mapping file for font encoding PD1
) (C:\Users\boufa\AppData\Local\Programs\MiKTeX\tex/generic/intcalc\intcalc.sty
Package: intcalc 2019/12/15 v1.3 Expandable calculations with integers (HO)
)
\Hy@SavedSpaceFactor=\count317
 (C:\Users\boufa\AppData\Local\Programs\MiKTeX\tex/latex/hyperref\puenc.def
File: puenc.def 2026-01-29 v7.01p Hyperref: PDF Unicode definition (HO)
Now handling font encoding PU ...
... no UTF-8 mapping file for font encoding PU
)
Package hyperref Info: Hyper figures OFF on input line 4201.
Package hyperref Info: Link nesting OFF on input line 4206.
Package hyperref Info: Hyper index ON on input line 4209.
Package hyperref Info: Plain pages OFF on input line 4216.
Package hyperref Info: Backreferencing OFF on input line 4221.
Package hyperref Info: Implicit mode ON; LaTeX internals redefined.
Package hyperref Info: Bookmarks ON on input line 4468.
\c@Hy@tempcnt=\count318

(C:\Users\boufa\AppData\Local\Programs\MiKTeX\tex/latex/url\url.sty
\Urlmuskip=\muskip17
Package: url 2013/09/16  ver 3.4  Verb mode for urls, etc.
)
LaTeX Info: Redefining \url on input line 4807.
\XeTeXLinkMargin=\dimen176

(C:\Users\boufa\AppData\Local\Programs\MiKTeX\tex/generic/bitset\bitset.sty
Package: bitset 2019/12/09 v1.3 Handle bit-vector datatype (HO)

(C:\Users\boufa\AppData\Local\Programs\MiKTeX\tex/generic/bigintcalc\bigintcalc
.sty
Package: bigintcalc 2019/12/15 v1.5 Expandable calculations on big integers (HO
)
))
\Fld@menulength=\count319
\Field@Width=\dimen177
\Fld@charsize=\dimen178
Package hyperref Info: Hyper figures OFF on input line 6084.
Package hyperref Info: Link nesting OFF on input line 6089.
Package hyperref Info: Hyper index ON on input line 6092.
Package hyperref Info: backreferencing OFF on input line 6099.
Package hyperref Info: Link coloring OFF on input line 6104.
Package hyperref Info: Link coloring with OCG OFF on input line 6109.
Package hyperref Info: PDF/A mode OFF on input line 6114.
\Hy@abspage=\count320
\c@Item=\count321
\c@Hfootnote=\count322
)
Package hyperref Info: Driver (autodetected): hpdftex.

(C:\Users\boufa\AppData\Local\Programs\MiKTeX\tex/latex/hyperref\hpdftex.def
File: hpdftex.def 2026-01-29 v7.01p Hyperref driver for pdfTeX
\Fld@listcount=\count323
\c@bookmark@seq@number=\count324

(C:\Users\boufa\AppData\Local\Programs\MiKTeX\tex/latex/rerunfilecheck\rerunfil
echeck.sty
Package: rerunfilecheck 2025-06-21 v1.11 Rerun checks for auxiliary files (HO)

(C:\Users\boufa\AppData\Local\Programs\MiKTeX\tex/generic/uniquecounter\uniquec
ounter.sty
Package: uniquecounter 2019/12/15 v1.4 Provide unlimited unique counter (HO)
)
Package uniquecounter Info: New unique counter `rerunfilecheck' on input line 2
84.
)
\Hy@SectionHShift=\skip82
)
(C:\Users\boufa\AppData\Local\Programs\MiKTeX\tex/latex/needspace\needspace.sty
Package: needspace 2025/03/13 v1.3e reserve vertical space
) (C:\Users\boufa\AppData\Local\Programs\MiKTeX\tex/latex/pdfpages\pdfpages.sty
Package: pdfpages 2026/03/30 v0.6h Insert pages of external PDF documents (AM)
(C:\Users\boufa\AppData\Local\Programs\MiKTeX\tex/latex/base\ifthen.sty
Package: ifthen 2024/03/16 v1.1e Standard LaTeX ifthen package (DPC)
)
(C:\Users\boufa\AppData\Local\Programs\MiKTeX\tex/latex/tools\calc.sty
Package: calc 2025/03/01 v4.3b Infix arithmetic (KKT,FJ)
\calc@Acount=\count325
\calc@Bcount=\count326
\calc@Adimen=\dimen179
\calc@Bdimen=\dimen180
\calc@Askip=\skip83
\calc@Bskip=\skip84
LaTeX Info: Redefining \setlength on input line 86.
LaTeX Info: Redefining \addtolength on input line 87.
\calc@Ccount=\count327
\calc@Cskip=\skip85
)
(C:\Users\boufa\AppData\Local\Programs\MiKTeX\tex/latex/eso-pic\eso-pic.sty
Package: eso-pic 2025/12/10 v3.0d eso-pic (RN)
\ESO@tempdima=\dimen181
\ESO@tempdimb=\dimen182
)
(C:\Users\boufa\AppData\Local\Programs\MiKTeX\tex/latex/graphics\graphicx.sty
Package: graphicx 2024/12/31 v1.2e Enhanced LaTeX Graphics (DPC,SPQR)

(C:\Users\boufa\AppData\Local\Programs\MiKTeX\tex/latex/graphics\graphics.sty
Package: graphics 2024/08/06 v1.4g Standard LaTeX Graphics (DPC,SPQR)

(C:\Users\boufa\AppData\Local\Programs\MiKTeX\tex/latex/graphics\trig.sty
Package: trig 2023/12/02 v1.11 sin cos tan (DPC)
)
(C:\Users\boufa\AppData\Local\Programs\MiKTeX\tex/latex/graphics-cfg\graphics.c
fg
File: graphics.cfg 2016/06/04 v1.11 sample graphics configuration
)
Package graphics Info: Driver file: pdftex.def on input line 106.
)
\Gin@req@height=\dimen183
\Gin@req@width=\dimen184
)
\AM@pagewidth=\dimen185
\AM@pageheight=\dimen186
\AM@fboxrule=\dimen187

(C:\Users\boufa\AppData\Local\Programs\MiKTeX\tex/latex/pdfpages\pppdftex.def
File: pppdftex.def 2026/03/30 v0.6h Pdfpages driver for pdfTeX (AM)
)
\pdfpages@includegraphics@status=\count328
\AM@pagebox=\box61
\AM@global@opts=\toks35
\AM@pagecnt=\count329
\AM@toc@title=\toks36
\AM@lof@heading=\toks37
\c@AM@survey=\count330
\AM@templatesizebox=\box62
) (C:\Users\boufa\AppData\Local\Programs\MiKTeX\tex/latex/enumitem\enumitem.sty
Package: enumitem 2025/02/06 v3.11 Customized lists
\labelindent=\skip86
\enit@outerparindent=\dimen188
\enit@toks=\toks38
\enit@inbox=\box63
\enit@count@id=\count331
\enitdp@description=\count332
) (C:\Users\boufa\AppData\Local\Programs\MiKTeX\tex/latex/footmisc\footmisc.sty
Package: footmisc 2025/05/09 v7.0b a miscellany of footnote facilities
\FN@temptoken=\toks39
\footnotemargin=\dimen189
Package footmisc Info: Declaring symbol style bringhurst on input line 549.
Package footmisc Info: Declaring symbol style chicago on input line 557.
Package footmisc Info: Declaring symbol style wiley on input line 566.
Package footmisc Info: Declaring symbol style lamport-robust on input line 577.

Package footmisc Info: Declaring symbol style lamport* on input line 597.
Package footmisc Info: Declaring symbol style lamport*-robust on input line 618
.
) (C:\Users\boufa\AppData\Local\Programs\MiKTeX\tex/generic/babel\babel.sty
Package: babel 2026/03/24 v26.5 The multilingual framework for LuaLaTeX, pdfLaT
eX and XeLaTeX
\babel@savecnt=\count333
LaTeX Encoding Info:    Redeclaring text command \ij (encoding OT1) on input li
ne 2078.
LaTeX Encoding Info:    Redeclaring text command \IJ (encoding OT1) on input li
ne 2080.
LaTeX Encoding Info:    Redeclaring text command \ij (encoding T1) on input lin
e 2082.
LaTeX Encoding Info:    Redeclaring text command \IJ (encoding T1) on input lin
e 2083.
LaTeX Encoding Info:    Ignoring declaration for text command \ij (encoding ?) 
on input line 2084.
LaTeX Encoding Info:    Ignoring declaration for text command \IJ (encoding ?) 
on input line 2086.
LaTeX Encoding Info:    Ignoring declaration for text command \SS (encoding ?) 
on input line 2111.
\U@D=\dimen190
\l@unhyphenated=\language79

(C:\Users\boufa\AppData\Local\Programs\MiKTeX\tex/generic/babel\txtbabel.def)
\bbl@readstream=\read2
\bbl@dirlevel=\count334
Package babel Info: Configuration files are deprecated, as
(babel)             they can break document portability.
(babel)             Reported on input line 4206.

*************************************
* Local config file bblopts.cfg used
*
(C:\Users\boufa\AppData\Local\Programs\MiKTeX\tex/latex/arabi\bblopts.cfg
File: bblopts.cfg 2005/09/08 v0.1 add Arabic and Farsi to "declared" options of
 babel
)
(C:\Users\boufa\AppData\Local\Programs\MiKTeX\tex/generic/babel/locale/fr\babel
-french.tex)
Package babel Info: Importing font and identification data for french
(babel)             from babel-fr.ini. Reported on input line 4330.

(C:\Users\boufa\AppData\Local\Programs\MiKTeX\tex/generic/babel-french\french.l
df
Language: french 2025-08-15 v4.0e French support from the babel system

(C:\Users\boufa\AppData\Local\Programs\MiKTeX\tex/generic/babel-french\french3.
ldf
Language: french 2025-08-15 v3.7e French support from the babel system
\FB@stdchar=\count335
Package babel Info: Making : an active character on input line 273.
Package babel Info: Making ; an active character on input line 274.
Package babel Info: Making ! an active character on input line 275.
Package babel Info: Making ? an active character on input line 276.
\FBguill@level=\count336
\FBold@everypar=\toks40
\FB@Mht=\dimen191
\mc@charclass=\count337
\mc@charfam=\count338
\mc@charslot=\count339
\std@mcc=\count340
\dec@mcc=\count341
\FB@pardim=\dimen192
\listindentFB=\dimen193
\descindentFB=\dimen194
\labelindentFB=\dimen195
\labelwidthFB=\dimen196
\leftmarginFB=\dimen197
\parindentFFN=\dimen198
\FBfnindent=\dimen199
)))
(C:\Users\boufa\AppData\Local\Programs\MiKTeX\tex/latex/carlisle\scalefnt.sty)
(C:\Users\boufa\AppData\Local\Programs\MiKTeX\tex/latex/tools\varioref.sty
Package: varioref 2025/01/14 v1.6g package for extended references (FMi)
\c@vrcnt=\count342
)
(C:\Users\boufa\AppData\Local\Programs\MiKTeX\tex/latex/acronym\acronym.sty
Package: acronym 2025/01/17 v1.50 Support for acronyms (Tobias Oetiker)

(C:\Users\boufa\AppData\Local\Programs\MiKTeX\tex/latex/bigfoot\suffix.sty
Package: suffix 2006/07/15 1.5a Variant command support
)
(C:\Users\boufa\AppData\Local\Programs\MiKTeX\tex/latex/xstring\xstring.sty
(C:\Users\boufa\AppData\Local\Programs\MiKTeX\tex/generic/xstring\xstring.tex
\xs_counta=\count343
\xs_countb=\count344
)
Package: xstring 2023/08/22 v1.86 String manipulations (CT)
)
\AC@clearlist=\toks41
) (C:\Users\boufa\AppData\Local\Programs\MiKTeX\tex/latex/minitoc\minitoc.sty
Package: minitoc 2018/07/12 v62 Package minitoc

(C:\Users\boufa\AppData\Local\Programs\MiKTeX\tex/latex/minitoc\mtcmess.sty
Package: mtcmess 2006/03/14
)
Package minitoc Info: I0001
(minitoc)             *** minitoc package, version 62 ***.
\tf@mtc=\write3
\mtcindent=\skip87
\mtcskipamount=\skip88
Package minitoc Info: I0005
(minitoc)             compatible with hyperref.
Package minitoc Info: I0023
(minitoc)             part level macros available.
Package minitoc Info: I0003
(minitoc)             chapter level macros available.
\mtc@toks=\toks42
\mtc@strutbox=\box64
\mtc@hstrutbox=\box65
Package minitoc Info: I0002
(minitoc)             Autoconfiguration of extensions.
\openout3 = `main.mtc0'.

\openout3 = `main.mtc'.


(main.mtc0)
Package minitoc Info: I0012
(minitoc)             Long extensions (Unix-like) will be used.
Package minitoc Info: I0031
(minitoc)             ==> this version is configured for UNIX-like 
(minitoc)                 (long extensions) file names.
\openout3 = `main.mtc'.

\openout3 = `main.mtc0'.

\c@mtc=\count345
\c@minitocdepth=\count346
\c@ptc=\count347
\c@parttocdepth=\count348
\ptcindent=\skip89
Package minitoc Info: I0010
(minitoc)             The english language is selected.
(minitoc)              on input line 4910.

(C:\Users\boufa\AppData\Local\Programs\MiKTeX\tex/latex/minitoc\english.mld
File: english.mld 2006/01/13
)
(C:\Users\boufa\AppData\Local\Programs\MiKTeX\tex/latex/minitoc\english.mld
File: english.mld 2006/01/13
)
Package minitoc Info: I0010
(minitoc)             The french language is selected.
(minitoc)              on input line 4911.

(C:\Users\boufa\AppData\Local\Programs\MiKTeX\tex/latex/minitoc\french.mld
File: french.mld 2006/03/21
))
(C:\Users\boufa\AppData\Local\Programs\MiKTeX\tex/latex/base\fontenc.sty
Package: fontenc 2025/07/18 v2.1d Standard LaTeX package
)
(C:\Users\boufa\AppData\Local\Programs\MiKTeX\tex/latex/tcolorbox\tcolorbox.sty
Package: tcolorbox 2025/11/28 version 6.9.0 text color boxes

(C:\Users\boufa\AppData\Local\Programs\MiKTeX\tex/latex/pgf/frontendlayer\tikz.
sty
(C:\Users\boufa\AppData\Local\Programs\MiKTeX\tex/latex/pgf/basiclayer\pgf.sty
(C:\Users\boufa\AppData\Local\Programs\MiKTeX\tex/latex/pgf/utilities\pgfrcs.st
y
(C:\Users\boufa\AppData\Local\Programs\MiKTeX\tex/generic/pgf/utilities\pgfutil
-common.tex
\pgfutil@everybye=\toks43
\pgfutil@tempdima=\dimen256
\pgfutil@tempdimb=\dimen257
)
(C:\Users\boufa\AppData\Local\Programs\MiKTeX\tex/generic/pgf/utilities\pgfutil
-latex.def
\pgfutil@abb=\box66
)
(C:\Users\boufa\AppData\Local\Programs\MiKTeX\tex/generic/pgf/utilities\pgfrcs.
code.tex
(C:\Users\boufa\AppData\Local\Programs\MiKTeX\tex/generic/pgf\pgf.revision.tex)
Package: pgfrcs 2025-08-29 v3.1.11a (3.1.11a)
))
Package: pgf 2025-08-29 v3.1.11a (3.1.11a)

(C:\Users\boufa\AppData\Local\Programs\MiKTeX\tex/latex/pgf/basiclayer\pgfcore.
sty
(C:\Users\boufa\AppData\Local\Programs\MiKTeX\tex/latex/pgf/systemlayer\pgfsys.
sty
(C:\Users\boufa\AppData\Local\Programs\MiKTeX\tex/generic/pgf/systemlayer\pgfsy
s.code.tex
Package: pgfsys 2025-08-29 v3.1.11a (3.1.11a)

(C:\Users\boufa\AppData\Local\Programs\MiKTeX\tex/generic/pgf/utilities\pgfkeys
.code.tex
\pgfkeys@pathtoks=\toks44
\pgfkeys@temptoks=\toks45

(C:\Users\boufa\AppData\Local\Programs\MiKTeX\tex/generic/pgf/utilities\pgfkeys
libraryfiltered.code.tex
\pgfkeys@tmptoks=\toks46
))
\pgf@x=\dimen258
\pgf@y=\dimen259
\pgf@xa=\dimen260
\pgf@ya=\dimen261
\pgf@xb=\dimen262
\pgf@yb=\dimen263
\pgf@xc=\dimen264
\pgf@yc=\dimen265
\pgf@xd=\dimen266
\pgf@yd=\dimen267
\w@pgf@writea=\write4
\r@pgf@reada=\read3
\c@pgf@counta=\count349
\c@pgf@countb=\count350
\c@pgf@countc=\count351
\c@pgf@countd=\count352
\t@pgf@toka=\toks47
\t@pgf@tokb=\toks48
\t@pgf@tokc=\toks49
\pgf@sys@id@count=\count353

(C:\Users\boufa\AppData\Local\Programs\MiKTeX\tex/generic/pgf/systemlayer\pgf.c
fg
File: pgf.cfg 2025-08-29 v3.1.11a (3.1.11a)
)
Driver file for pgf: pgfsys-pdftex.def

(C:\Users\boufa\AppData\Local\Programs\MiKTeX\tex/generic/pgf/systemlayer\pgfsy
s-pdftex.def
File: pgfsys-pdftex.def 2025-08-29 v3.1.11a (3.1.11a)

(C:\Users\boufa\AppData\Local\Programs\MiKTeX\tex/generic/pgf/systemlayer\pgfsy
s-common-pdf.def
File: pgfsys-common-pdf.def 2025-08-29 v3.1.11a (3.1.11a)
)))
(C:\Users\boufa\AppData\Local\Programs\MiKTeX\tex/generic/pgf/systemlayer\pgfsy
ssoftpath.code.tex
File: pgfsyssoftpath.code.tex 2025-08-29 v3.1.11a (3.1.11a)
\pgfsyssoftpath@smallbuffer@items=\count354
\pgfsyssoftpath@bigbuffer@items=\count355
)
(C:\Users\boufa\AppData\Local\Programs\MiKTeX\tex/generic/pgf/systemlayer\pgfsy
sprotocol.code.tex
File: pgfsysprotocol.code.tex 2025-08-29 v3.1.11a (3.1.11a)
))
(C:\Users\boufa\AppData\Local\Programs\MiKTeX\tex/generic/pgf/basiclayer\pgfcor
e.code.tex
Package: pgfcore 2025-08-29 v3.1.11a (3.1.11a)

(C:\Users\boufa\AppData\Local\Programs\MiKTeX\tex/generic/pgf/math\pgfmath.code
.tex
(C:\Users\boufa\AppData\Local\Programs\MiKTeX\tex/generic/pgf/math\pgfmathutil.
code.tex)
(C:\Users\boufa\AppData\Local\Programs\MiKTeX\tex/generic/pgf/math\pgfmathparse
r.code.tex
\pgfmath@dimen=\dimen268
\pgfmath@count=\count356
\pgfmath@box=\box67
\pgfmath@toks=\toks50
\pgfmath@stack@operand=\toks51
\pgfmath@stack@operation=\toks52
)
(C:\Users\boufa\AppData\Local\Programs\MiKTeX\tex/generic/pgf/math\pgfmathfunct
ions.code.tex)
(C:\Users\boufa\AppData\Local\Programs\MiKTeX\tex/generic/pgf/math\pgfmathfunct
ions.basic.code.tex)
(C:\Users\boufa\AppData\Local\Programs\MiKTeX\tex/generic/pgf/math\pgfmathfunct
ions.trigonometric.code.tex)
(C:\Users\boufa\AppData\Local\Programs\MiKTeX\tex/generic/pgf/math\pgfmathfunct
ions.random.code.tex)
(C:\Users\boufa\AppData\Local\Programs\MiKTeX\tex/generic/pgf/math\pgfmathfunct
ions.comparison.code.tex)
(C:\Users\boufa\AppData\Local\Programs\MiKTeX\tex/generic/pgf/math\pgfmathfunct
ions.base.code.tex)
(C:\Users\boufa\AppData\Local\Programs\MiKTeX\tex/generic/pgf/math\pgfmathfunct
ions.round.code.tex)
(C:\Users\boufa\AppData\Local\Programs\MiKTeX\tex/generic/pgf/math\pgfmathfunct
ions.misc.code.tex)
(C:\Users\boufa\AppData\Local\Programs\MiKTeX\tex/generic/pgf/math\pgfmathfunct
ions.integerarithmetics.code.tex)
(C:\Users\boufa\AppData\Local\Programs\MiKTeX\tex/generic/pgf/math\pgfmathcalc.
code.tex)
(C:\Users\boufa\AppData\Local\Programs\MiKTeX\tex/generic/pgf/math\pgfmathfloat
.code.tex
\c@pgfmathroundto@lastzeros=\count357
))
(C:\Users\boufa\AppData\Local\Programs\MiKTeX\tex/generic/pgf/math\pgfint.code.
tex)
(C:\Users\boufa\AppData\Local\Programs\MiKTeX\tex/generic/pgf/basiclayer\pgfcor
epoints.code.tex
File: pgfcorepoints.code.tex 2025-08-29 v3.1.11a (3.1.11a)
\pgf@picminx=\dimen269
\pgf@picmaxx=\dimen270
\pgf@picminy=\dimen271
\pgf@picmaxy=\dimen272
\pgf@pathminx=\dimen273
\pgf@pathmaxx=\dimen274
\pgf@pathminy=\dimen275
\pgf@pathmaxy=\dimen276
\pgf@xx=\dimen277
\pgf@xy=\dimen278
\pgf@yx=\dimen279
\pgf@yy=\dimen280
\pgf@zx=\dimen281
\pgf@zy=\dimen282
)
(C:\Users\boufa\AppData\Local\Programs\MiKTeX\tex/generic/pgf/basiclayer\pgfcor
epathconstruct.code.tex
File: pgfcorepathconstruct.code.tex 2025-08-29 v3.1.11a (3.1.11a)
\pgf@path@lastx=\dimen283
\pgf@path@lasty=\dimen284
)
(C:\Users\boufa\AppData\Local\Programs\MiKTeX\tex/generic/pgf/basiclayer\pgfcor
epathusage.code.tex
File: pgfcorepathusage.code.tex 2025-08-29 v3.1.11a (3.1.11a)
\pgf@shorten@end@additional=\dimen285
\pgf@shorten@start@additional=\dimen286
)
(C:\Users\boufa\AppData\Local\Programs\MiKTeX\tex/generic/pgf/basiclayer\pgfcor
escopes.code.tex
File: pgfcorescopes.code.tex 2025-08-29 v3.1.11a (3.1.11a)
\pgfpic=\box68
\pgf@hbox=\box69
\pgf@layerbox@main=\box70
\pgf@picture@serial@count=\count358
)
(C:\Users\boufa\AppData\Local\Programs\MiKTeX\tex/generic/pgf/basiclayer\pgfcor
egraphicstate.code.tex
File: pgfcoregraphicstate.code.tex 2025-08-29 v3.1.11a (3.1.11a)
\pgflinewidth=\dimen287
)
(C:\Users\boufa\AppData\Local\Programs\MiKTeX\tex/generic/pgf/basiclayer\pgfcor
etransformations.code.tex
File: pgfcoretransformations.code.tex 2025-08-29 v3.1.11a (3.1.11a)
\pgf@pt@x=\dimen288
\pgf@pt@y=\dimen289
\pgf@pt@temp=\dimen290
)
(C:\Users\boufa\AppData\Local\Programs\MiKTeX\tex/generic/pgf/basiclayer\pgfcor
equick.code.tex
File: pgfcorequick.code.tex 2025-08-29 v3.1.11a (3.1.11a)
)
(C:\Users\boufa\AppData\Local\Programs\MiKTeX\tex/generic/pgf/basiclayer\pgfcor
eobjects.code.tex
File: pgfcoreobjects.code.tex 2025-08-29 v3.1.11a (3.1.11a)
)
(C:\Users\boufa\AppData\Local\Programs\MiKTeX\tex/generic/pgf/basiclayer\pgfcor
epathprocessing.code.tex
File: pgfcorepathprocessing.code.tex 2025-08-29 v3.1.11a (3.1.11a)
)
(C:\Users\boufa\AppData\Local\Programs\MiKTeX\tex/generic/pgf/basiclayer\pgfcor
earrows.code.tex
File: pgfcorearrows.code.tex 2025-08-29 v3.1.11a (3.1.11a)
\pgfarrowsep=\dimen291
)
(C:\Users\boufa\AppData\Local\Programs\MiKTeX\tex/generic/pgf/basiclayer\pgfcor
eshade.code.tex
File: pgfcoreshade.code.tex 2025-08-29 v3.1.11a (3.1.11a)
\pgf@max=\dimen292
\pgf@sys@shading@range@num=\count359
\pgf@shadingcount=\count360
)
(C:\Users\boufa\AppData\Local\Programs\MiKTeX\tex/generic/pgf/basiclayer\pgfcor
eimage.code.tex
File: pgfcoreimage.code.tex 2025-08-29 v3.1.11a (3.1.11a)
)
(C:\Users\boufa\AppData\Local\Programs\MiKTeX\tex/generic/pgf/basiclayer\pgfcor
eexternal.code.tex
File: pgfcoreexternal.code.tex 2025-08-29 v3.1.11a (3.1.11a)
\pgfexternal@startupbox=\box71
)
(C:\Users\boufa\AppData\Local\Programs\MiKTeX\tex/generic/pgf/basiclayer\pgfcor
elayers.code.tex
File: pgfcorelayers.code.tex 2025-08-29 v3.1.11a (3.1.11a)
)
(C:\Users\boufa\AppData\Local\Programs\MiKTeX\tex/generic/pgf/basiclayer\pgfcor
etransparency.code.tex
File: pgfcoretransparency.code.tex 2025-08-29 v3.1.11a (3.1.11a)
)
(C:\Users\boufa\AppData\Local\Programs\MiKTeX\tex/generic/pgf/basiclayer\pgfcor
epatterns.code.tex
File: pgfcorepatterns.code.tex 2025-08-29 v3.1.11a (3.1.11a)
)
(C:\Users\boufa\AppData\Local\Programs\MiKTeX\tex/generic/pgf/basiclayer\pgfcor
erdf.code.tex
File: pgfcorerdf.code.tex 2025-08-29 v3.1.11a (3.1.11a)
)))
(C:\Users\boufa\AppData\Local\Programs\MiKTeX\tex/generic/pgf/modules\pgfmodule
shapes.code.tex
File: pgfmoduleshapes.code.tex 2025-08-29 v3.1.11a (3.1.11a)
\pgfnodeparttextbox=\box72
)
(C:\Users\boufa\AppData\Local\Programs\MiKTeX\tex/generic/pgf/modules\pgfmodule
plot.code.tex
File: pgfmoduleplot.code.tex 2025-08-29 v3.1.11a (3.1.11a)
)
(C:\Users\boufa\AppData\Local\Programs\MiKTeX\tex/latex/pgf/compatibility\pgfco
mp-version-0-65.sty
Package: pgfcomp-version-0-65 2025-08-29 v3.1.11a (3.1.11a)
\pgf@nodesepstart=\dimen293
\pgf@nodesepend=\dimen294
)
(C:\Users\boufa\AppData\Local\Programs\MiKTeX\tex/latex/pgf/compatibility\pgfco
mp-version-1-18.sty
Package: pgfcomp-version-1-18 2025-08-29 v3.1.11a (3.1.11a)
))
(C:\Users\boufa\AppData\Local\Programs\MiKTeX\tex/latex/pgf/utilities\pgffor.st
y
(C:\Users\boufa\AppData\Local\Programs\MiKTeX\tex/latex/pgf/utilities\pgfkeys.s
ty
(C:\Users\boufa\AppData\Local\Programs\MiKTeX\tex/generic/pgf/utilities\pgfkeys
.code.tex))
(C:\Users\boufa\AppData\Local\Programs\MiKTeX\tex/latex/pgf/math\pgfmath.sty
(C:\Users\boufa\AppData\Local\Programs\MiKTeX\tex/generic/pgf/math\pgfmath.code
.tex))
(C:\Users\boufa\AppData\Local\Programs\MiKTeX\tex/generic/pgf/utilities\pgffor.
code.tex
Package: pgffor 2025-08-29 v3.1.11a (3.1.11a)
\pgffor@iter=\dimen295
\pgffor@skip=\dimen296
\pgffor@stack=\toks53
\pgffor@toks=\toks54
))
(C:\Users\boufa\AppData\Local\Programs\MiKTeX\tex/generic/pgf/frontendlayer/tik
z\tikz.code.tex
Package: tikz 2025-08-29 v3.1.11a (3.1.11a)

(C:\Users\boufa\AppData\Local\Programs\MiKTeX\tex/generic/pgf/libraries\pgflibr
aryplothandlers.code.tex
File: pgflibraryplothandlers.code.tex 2025-08-29 v3.1.11a (3.1.11a)
\pgf@plot@mark@count=\count361
\pgfplotmarksize=\dimen297
)
\tikz@lastx=\dimen298
\tikz@lasty=\dimen299
\tikz@lastxsaved=\dimen300
\tikz@lastysaved=\dimen301
\tikz@lastmovetox=\dimen302
\tikz@lastmovetoy=\dimen303
\tikzleveldistance=\dimen304
\tikzsiblingdistance=\dimen305
\tikz@figbox=\box73
\tikz@figbox@bg=\box74
\tikz@tempbox=\box75
\tikz@tempbox@bg=\box76
\tikztreelevel=\count362
\tikznumberofchildren=\count363
\tikznumberofcurrentchild=\count364
\tikz@fig@count=\count365

(C:\Users\boufa\AppData\Local\Programs\MiKTeX\tex/generic/pgf/modules\pgfmodule
matrix.code.tex
File: pgfmodulematrix.code.tex 2025-08-29 v3.1.11a (3.1.11a)
\pgfmatrixcurrentrow=\count366
\pgfmatrixcurrentcolumn=\count367
\pgf@matrix@numberofcolumns=\count368
)
\tikz@expandcount=\count369

(C:\Users\boufa\AppData\Local\Programs\MiKTeX\tex/generic/pgf/frontendlayer/tik
z/libraries\tikzlibrarytopaths.code.tex
File: tikzlibrarytopaths.code.tex 2025-08-29 v3.1.11a (3.1.11a)
)))
(C:\Users\boufa\AppData\Local\Programs\MiKTeX\tex/latex/tools\verbatim.sty
Package: verbatim 2024-01-22 v1.5x LaTeX2e package for verbatim enhancements
\every@verbatim=\toks55
\verbatim@line=\toks56
\verbatim@in@stream=\read4
)
\tcb@titlebox=\box77
\tcb@upperbox=\box78
\tcb@lowerbox=\box79
\tcb@phantombox=\box80
\c@tcbbreakpart=\count370
\c@tcblayer=\count371
\c@tcolorbox@number=\count372
\l__tcobox_tmpa_box=\box81
\l__tcobox_tmpa_dim=\dimen306
\tcb@temp=\box82
\tcb@temp=\box83
\tcb@temp=\box84
\tcb@temp=\box85

(C:\Users\boufa\AppData\Local\Programs\MiKTeX\tex/latex/tcolorbox\tcbskins.code
.tex
Library (tcolorbox): 'tcbskins.code.tex' version '6.9.0'

(C:\Users\boufa\AppData\Local\Programs\MiKTeX\tex/latex/tikzfill\tikzfill.image
.sty
Package: tikzfill.image 2026/04/23 v1.2.0 Image filling library for TikZ

(C:\Users\boufa\AppData\Local\Programs\MiKTeX\tex/latex/tikzfill\tikzlibraryfil
l.image.code.tex
File: tikzlibraryfill.image.code.tex 2026/04/23 v1.2.0 Image filling library
\l__tikzfill_tmpa_dim=\dimen307
\l__tikzfill_tmpb_dim=\dimen308
\l__tikzfill_img_box=\box86
))
(C:\Users\boufa\AppData\Local\Programs\MiKTeX\tex/latex/tcolorbox\tcbskinsjigsa
w.code.tex
Library (tcolorbox): 'tcbskinsjigsaw.code.tex' version '6.9.0'
)))
(C:\Users\boufa\AppData\Local\Programs\MiKTeX\tex/latex/adjustbox\adjustbox.sty
Package: adjustbox 2025/02/26 v1.3c Adjusting TeX boxes (trim, clip, ...)
(C:\Users\boufa\AppData\Local\Programs\MiKTeX\tex/latex/xkeyval\xkeyval.sty
Package: xkeyval 2022/06/16 v2.9 package option processing (HA)

(C:\Users\boufa\AppData\Local\Programs\MiKTeX\tex/generic/xkeyval\xkeyval.tex
(C:\Users\boufa\AppData\Local\Programs\MiKTeX\tex/generic/xkeyval\xkvutils.tex
\XKV@toks=\toks57
\XKV@tempa@toks=\toks58
)
\XKV@depth=\count373
File: xkeyval.tex 2014/12/03 v2.7a key=value parser (HA)
))
(C:\Users\boufa\AppData\Local\Programs\MiKTeX\tex/latex/adjustbox\adjcalc.sty
Package: adjcalc 2012/05/16 v1.1 Provides advanced setlength with multiple back
-ends (calc, etex, pgfmath)
)
(C:\Users\boufa\AppData\Local\Programs\MiKTeX\tex/latex/adjustbox\trimclip.sty
Package: trimclip 2025/02/21 v1.2a Trim and clip general TeX material

(C:\Users\boufa\AppData\Local\Programs\MiKTeX\tex/latex/collectbox\collectbox.s
ty
Package: collectbox 2022/10/17 v0.4c Collect macro arguments as boxes
\collectedbox=\box87
)
\tc@llx=\dimen309
\tc@lly=\dimen310
\tc@urx=\dimen311
\tc@ury=\dimen312
Package trimclip Info: Using driver 'tc-pdftex.def'.

(C:\Users\boufa\AppData\Local\Programs\MiKTeX\tex/latex/adjustbox\tc-pdftex.def
File: tc-pdftex.def 2025/02/26 v2.3 Clipping driver for pdftex
))
\adjbox@Width=\dimen313
\adjbox@Height=\dimen314
\adjbox@Depth=\dimen315
\adjbox@Totalheight=\dimen316
\adjbox@pwidth=\dimen317
\adjbox@pheight=\dimen318
\adjbox@pdepth=\dimen319
\adjbox@ptotalheight=\dimen320

(C:\Users\boufa\AppData\Local\Programs\MiKTeX\tex/latex/ifoddpage\ifoddpage.sty
Package: ifoddpage 2022/10/18 v1.2 Conditionals for odd/even page detection
\c@checkoddpage=\count374
) (C:\Users\boufa\AppData\Local\Programs\MiKTeX\tex/latex/varwidth\varwidth.sty
Package: varwidth 2009/03/30 ver 0.92;  Variable-width minipages
\@vwid@box=\box88
\sift@deathcycles=\count375
\@vwid@loff=\dimen321
\@vwid@roff=\dimen322
)
==> First Aid for varwidth.sty applied!
) (C:\Users\boufa\AppData\Local\Programs\MiKTeX\tex/latex/setspace\setspace.sty
Package: setspace 2022/12/04 v6.7b set line spacing
) (C:\Users\boufa\AppData\Local\Programs\MiKTeX\tex/latex/minted\minted.sty
Package: minted 2026/03/03 v3.8.0 Yet another Pygments shim for LaTeX

(C:\Users\boufa\AppData\Local\Programs\MiKTeX\tex/generic/catchfile\catchfile.s
ty
Package: catchfile 2019/12/09 v1.8 Catch the contents of a file (HO)

(C:\Users\boufa\AppData\Local\Programs\MiKTeX\tex/generic/etexcmds\etexcmds.sty
Package: etexcmds 2019/12/15 v1.7 Avoid name clashes with e-TeX commands (HO)
)) (C:\Users\boufa\AppData\Local\Programs\MiKTeX\tex/latex/fvextra\fvextra.sty
Package: fvextra 2026/02/25 v1.14.0 fvextra - extensions and patches for fancyv
rb

(C:\Users\boufa\AppData\Local\Programs\MiKTeX\tex/latex/fancyvrb\fancyvrb.sty
Package: fancyvrb 2026/04/16 4.6a verbatim text (tvz,hv)
\FV@CodeLineNo=\count376
\FV@InFile=\read5
\FV@TabBox=\box89
\c@FancyVerbLine=\count377
\FV@StepNumber=\count378
\FV@OutFile=\write5
)
(C:\Users\boufa\AppData\Local\Programs\MiKTeX\tex/latex/upquote\upquote.sty
Package: upquote 2012/04/19 v1.3 upright-quote and grave-accent glyphs in verba
tim

(C:\Users\boufa\AppData\Local\Programs\MiKTeX\tex/latex/base\textcomp.sty
Package: textcomp 2024/04/24 v2.1b Standard LaTeX package
))
(C:\Users\boufa\AppData\Local\Programs\MiKTeX\tex/latex/lineno\lineno.sty
Package: lineno 2026/03/08 line numbers on paragraphs v5.9
\linenopenalty=\count379
\output=\toks59
\linenoprevgraf=\count380
\linenumbersep=\dimen323
\linenumberwidth=\dimen324
\c@linenumber=\count381
\c@pagewiselinenumber=\count382
\c@LN@truepage=\count383
\c@internallinenumber=\count384
\c@internallinenumbers=\count385
\quotelinenumbersep=\dimen325
\bframerule=\dimen326
\bframesep=\dimen327
\bframebox=\box90
)
\c@FancyVerbWriteLine=\count386
\c@FancyVerbBufferLine=\count387
\c@FV@TrueTabGroupLevel=\count388
\c@FV@TrueTabCounter=\count389
\FV@TabBox@Group=\box91
\FV@bgcolorstructbox=\box92
\FV@TmpLength=\skip90
\c@FV@HighlightLinesStart=\count390
\c@FV@HighlightLinesStop=\count391
\FV@LoopCount=\count392
\FV@NCharsBox=\box93
\FV@BreakIndent=\dimen328
\FV@BreakIndentNChars=\count393
\FV@BreakSymbolSepLeft=\dimen329
\FV@BreakSymbolSepLeftNChars=\count394
\FV@BreakSymbolSepRight=\dimen330
\FV@BreakSymbolSepRightNChars=\count395
\FV@BreakSymbolIndentLeft=\dimen331
\FV@BreakSymbolIndentLeftNChars=\count396
\FV@BreakSymbolIndentRight=\dimen332
\FV@BreakSymbolIndentRightNChars=\count397
\c@FancyVerbLineBreakLast=\count398
\FV@LineBox=\box94
\FV@LineIndentBox=\box95
\c@FV@BreakBufferDepth=\count399
\FV@LineWidth=\dimen333
)
(C:\Users\boufa\AppData\Local\Programs\MiKTeX\tex/latex/latex2pydata\latex2pyda
ta.sty
Package: latex2pydata 2026/02/25 v0.7.0 latex2pydata - write data to file in Py
thon literal format
)
(C:\Users\boufa\AppData\Local\Programs\MiKTeX\tex/latex/pgfopts\pgfopts.sty
Package: pgfopts 2014/07/10 v2.1a LaTeX package options with pgfkeys
\pgfopts@list@add@a@toks=\toks60
\pgfopts@list@add@b@toks=\toks61
)
(C:\Users\boufa\AppData\Local\Programs\MiKTeX\tex/latex/tools\shellesc.sty
Package: shellesc 2023/07/08 v1.0d unified shell escape interface for LaTeX
Package shellesc Info: Restricted shell escape enabled on input line 77.
)
(C:\Users\boufa\AppData\Local\Programs\MiKTeX\tex/latex/float\float.sty
Package: float 2001/11/08 v1.3d Float enhancements (AL)
\c@float@type=\count400
\float@exts=\toks62
\float@box=\box96
\@float@everytoks=\toks63
\@floatcapt=\box97
)
\c@minted@FancyVerbLineTemp=\count401
\@float@every@listing=\toks64
\c@listing=\count402
)
(C:\Users\boufa\AppData\Local\Programs\MiKTeX\tex/latex/tools\tabularx.sty
Package: tabularx 2023/12/11 v2.12a `tabularx' package (DPC)
\TX@col@width=\dimen334
\TX@old@table=\dimen335
\TX@old@col=\dimen336
\TX@target=\dimen337
\TX@delta=\dimen338
\TX@cols=\count403
\TX@ftn=\toks65
)
(C:\Users\boufa\AppData\Local\Programs\MiKTeX\tex/latex/ctable\ctable.sty
Package: ctable 2025/10/22 v1.33 package for flexible key/value driven typesett
ing of floats

(C:\Users\boufa\AppData\Local\Programs\MiKTeX\tex/generic/iftex\ifpdf.sty
Package: ifpdf 2019/10/25 v3.4 ifpdf legacy package. Use iftex instead.
)
(C:\Users\boufa\AppData\Local\Programs\MiKTeX\tex/latex/booktabs\booktabs.sty
Package: booktabs 2020/01/12 v1.61803398 Publication quality tables
\heavyrulewidth=\dimen339
\lightrulewidth=\dimen340
\cmidrulewidth=\dimen341
\belowrulesep=\dimen342
\belowbottomsep=\dimen343
\aboverulesep=\dimen344
\abovetopsep=\dimen345
\cmidrulesep=\dimen346
\cmidrulekern=\dimen347
\defaultaddspace=\dimen348
\@cmidla=\count404
\@cmidlb=\count405
\@aboverulesep=\dimen349
\@belowrulesep=\dimen350
\@thisruleclass=\count406
\@lastruleclass=\count407
\@thisrulewidth=\dimen351
)
(C:\Users\boufa\AppData\Local\Programs\MiKTeX\tex/latex/graphics\rotating.sty
Package: rotating 2025/01/14 v2.16e rotated objects in LaTeX
\c@r@tfl@t=\count408
\rotFPtop=\skip91
\rotFPbot=\skip92
\rot@float@box=\box98
\rot@mess@toks=\toks66
)
\@CTframesep=\dimen352
\@dfltCTframesep=\dimen353
\@CTframerule=\dimen354
\@dfltCTframerule=\dimen355
\@CTwidth=\dimen356
\@dfltCTwidth=\dimen357
\@CTcaptionskip=\dimen358
\@dfltCTcaptionskip=\dimen359
\@CTmaxwidth=\dimen360
\@dfltCTmaxwidth=\dimen361
\@CTmincapwidth=\dimen362
\@dfltCTmincapwidth=\dimen363
\@CTfooterwidth=\dimen364
\@dfltCTfooterwidth=\dimen365
\@CTw=\dimen366
\@CTfloatwidth=\dimen367
\@CToldsep=\dimen368
\@CToldrule=\dimen369
\CT@t=\box99
\@CTcurftwidth=\dimen370
) (C:\Users\boufa\AppData\Local\Programs\MiKTeX\tex/latex/multirow\multirow.sty
Package: multirow 2024/11/12 v2.9 Span multiple rows of a table
\multirow@colwidth=\skip93
\multirow@cntb=\count409
\multirow@dima=\skip94
\bigstrutjot=\dimen371
) (C:\Users\boufa\AppData\Local\Programs\MiKTeX\tex/latex/seqsplit\seqsplit.sty
Package: seqsplit 2006/08/07 v0.1 Splitting long sequences (DNA, RNA, proteins,
 etc.) 
) (C:\Users\boufa\AppData\Local\Programs\MiKTeX\tex/latex/base\fontenc.sty
Package: fontenc 2025/07/18 v2.1d Standard LaTeX package
)
(C:\Users\boufa\AppData\Local\Programs\MiKTeX\tex/latex/wrapfig\wrapfig.sty
\wrapoverhang=\dimen372
\WF@size=\dimen373
\c@WF@wrappedlines=\count410
\WF@box=\box100
\WF@everypar=\toks67
Package: wrapfig 2003/01/31  v 3.6
)
(C:\Users\boufa\AppData\Local\Programs\MiKTeX\tex/latex/nowidow\nowidow.sty
Package: nowidow 2011/09/20 1.0 Easily prevent widows and orphans
Package: nowidow 
)
(C:\Users\boufa\AppData\Local\Programs\MiKTeX\tex/latex/ragged2e\ragged2e.sty
Package: ragged2e 2023/06/22 v3.6 ragged2e Package
\CenteringLeftskip=\skip95
\RaggedLeftLeftskip=\skip96
\RaggedRightLeftskip=\skip97
\CenteringRightskip=\skip98
\RaggedLeftRightskip=\skip99
\RaggedRightRightskip=\skip100
\CenteringParfillskip=\skip101
\RaggedLeftParfillskip=\skip102
\RaggedRightParfillskip=\skip103
\JustifyingParfillskip=\skip104
\CenteringParindent=\skip105
\RaggedLeftParindent=\skip106
\RaggedRightParindent=\skip107
\JustifyingParindent=\skip108
)
(C:\Users\boufa\AppData\Local\Programs\MiKTeX\tex/latex/appendix\appendix.sty
Package: appendix 2020/02/08 v1.2c extra appendix facilities
\c@@pps=\count411
\c@@ppsavesec=\count412
\c@@ppsaveapp=\count413
)
\BoxWd=\skip109
\Aux=\skip110
)
Package french3.ldf Info: Setting StandardItemizeEnv=true for
(french3.ldf)             compatibility with enumitem package,
(french3.ldf)             reported on input line 26.
Package french3.ldf Info: Setting StandardEnumerateEnv=true for
(french3.ldf)             compatibility with enumitem package,
(french3.ldf)             reported on input line 26.
LaTeX Font Info:    Trying to load font information for T1+ptm on input line 26
.
(C:\Users\boufa\AppData\Local\Programs\MiKTeX\tex/latex/psnfss\t1ptm.fd
File: t1ptm.fd 2001/06/04 font definitions for T1/ptm.
)
(C:\Users\boufa\AppData\Local\Programs\MiKTeX\tex/latex/l3backend\l3backend-pdf
tex.def
File: l3backend-pdftex.def 2026-02-18 L3 backend support: PDF output (pdfTeX)
\l__color_backend_stack_int=\count414
)
No file main.aux.
\openout1 = `main.aux'.

LaTeX Font Info:    Checking defaults for OML/cmm/m/it on input line 26.
LaTeX Font Info:    ... okay on input line 26.
LaTeX Font Info:    Checking defaults for OMS/cmsy/m/n on input line 26.
LaTeX Font Info:    ... okay on input line 26.
LaTeX Font Info:    Checking defaults for OT1/cmr/m/n on input line 26.
LaTeX Font Info:    ... okay on input line 26.
LaTeX Font Info:    Checking defaults for T1/cmr/m/n on input line 26.
LaTeX Font Info:    ... okay on input line 26.
LaTeX Font Info:    Checking defaults for TS1/cmr/m/n on input line 26.
LaTeX Font Info:    ... okay on input line 26.
LaTeX Font Info:    Checking defaults for OMX/cmex/m/n on input line 26.
LaTeX Font Info:    ... okay on input line 26.
LaTeX Font Info:    Checking defaults for U/cmr/m/n on input line 26.
LaTeX Font Info:    ... okay on input line 26.
LaTeX Font Info:    Checking defaults for PD1/pdf/m/n on input line 26.
LaTeX Font Info:    ... okay on input line 26.
LaTeX Font Info:    Checking defaults for PU/pdf/m/n on input line 26.
LaTeX Font Info:    ... okay on input line 26.
*geometry* driver: auto-detecting
*geometry* detected driver: pdftex
*geometry* verbose mode - [ preamble ] result:
* driver: pdftex
* paper: a4paper
* layout: <same size as paper>
* layoutoffset:(h,v)=(0.0pt,0.0pt)
* modes: 
* h-part:(L,W,R)=(71.13188pt, 455.24411pt, 71.13188pt)
* v-part:(T,H,B)=(71.13188pt, 702.78308pt, 71.13188pt)
* \paperwidth=597.50787pt
* \paperheight=845.04684pt
* \textwidth=455.24411pt
* \textheight=702.78308pt
* \oddsidemargin=-1.1381pt
* \evensidemargin=-1.1381pt
* \topmargin=-38.1381pt
* \headheight=12.0pt
* \headsep=25.0pt
* \topskip=12.0pt
* \footskip=30.0pt
* \marginparwidth=35.0pt
* \marginparsep=10.0pt
* \columnsep=10.0pt
* \skip\footins=10.8pt plus 4.0pt minus 2.0pt
* \hoffset=0.0pt
* \voffset=0.0pt
* \mag=1000
* \@twocolumnfalse
* \@twosidefalse
* \@mparswitchfalse
* \@reversemarginfalse
* (1in=72.27pt=25.4mm, 1cm=28.453pt)


(C:\Users\boufa\AppData\Local\Programs\MiKTeX\tex/context/base/mkii\supp-pdf.mk
ii
[Loading MPS to PDF converter (version 2006.09.02).]
\scratchcounter=\count415
\scratchdimen=\dimen374
\scratchbox=\box101
\nofMPsegments=\count416
\nofMParguments=\count417
\everyMPshowfont=\toks68
\MPscratchCnt=\count418
\MPscratchDim=\dimen375
\MPnumerator=\count419
\makeMPintoPDFobject=\count420
\everyMPtoPDFconversion=\toks69
)
(C:\Users\boufa\AppData\Local\Programs\MiKTeX\tex/latex/epstopdf-pkg\epstopdf-b
ase.sty
Package: epstopdf-base 2020-01-24 v2.11 Base part for package epstopdf

(C:\Users\boufa\AppData\Local\Programs\MiKTeX\tex/latex/grfext\grfext.sty
Package: grfext 2019/12/03 v1.3 Manage graphics extensions (HO)
)
Package epstopdf-base Info: Redefining graphics rule for `.eps' on input line 4
85.
Package grfext Info: Graphics extension search list:
(grfext)             [.pdf,.png,.jpg,.mps,.jpeg,.jbig2,.jb2,.PDF,.PNG,.JPG,.JPE
G,.JBIG2,.JB2,.eps]
(grfext)             \AppendGraphicsExtensions on input line 504.

(C:\Users\boufa\AppData\Local\Programs\MiKTeX\tex/latex/00miktex\epstopdf-sys.c
fg
File: epstopdf-sys.cfg 2021/03/18 v2.0 Configuration of epstopdf for MiKTeX
))
Package caption Info: Begin \AtBeginDocument code.
Package caption Info: french babel package is loaded.
Package caption Info: float package is loaded.
Package caption Info: hyperref package is loaded.
Package caption Info: rotating package is loaded.
Package caption Info: wrapfig package is loaded.
Package caption Info: End \AtBeginDocument code.
Package hyperref Info: Link coloring OFF on input line 26.
\@outlinefile=\write6
\openout6 = `main.out'.


(C:\Users\boufa\AppData\Local\Programs\MiKTeX\tex/latex/pdflscape\pdflscape.sty
Package: pdflscape 2022-10-27 v0.13 Display of landscape pages in PDF

(C:\Users\boufa\AppData\Local\Programs\MiKTeX\tex/latex/pdflscape\pdflscape-nom
etadata.sty
Package: pdflscape-nometadata 2022-10-28 v0.13 Display of landscape pages in PD
F (HO)

(C:\Users\boufa\AppData\Local\Programs\MiKTeX\tex/latex/graphics\lscape.sty
Package: lscape 2020/05/28 v3.02 Landscape Pages (DPC)
)
Package pdflscape Info: Auto-detected driver: pdftex on input line 81.
))
Package babel Info: 'french' activates 'french' shorthands.
(babel)             Reported on input line 26.
LaTeX Info: Redefining \degres on input line 26.
Package minitoc(hints) Info: I0049
(minitoc(hints))             ==> You requested the hints option. 
(minitoc(hints))             Some hints are eventually given below.
Package minitoc(hints) Info: I0042
(minitoc(hints))             --- The appendix package is loaded. 
(minitoc(hints))             See the minitoc package documentation 
(minitoc(hints))             for specific precautions.

(chapitre/01-Dedicace.tex
LaTeX Font Info:    Calculating math sizes for size <26> on input line 1.
LaTeX Font Info:    External font `cmex10' loaded for size
(Font)              <26> on input line 1.
LaTeX Font Info:    External font `cmex10' loaded for size
(Font)              <18.19992> on input line 1.
LaTeX Font Info:    External font `cmex10' loaded for size
(Font)              <13> on input line 1.

Underfull \hbox (badness 10000) in paragraph at lines 1--1

 []

LaTeX Font Info:    External font `cmex10' loaded for size
(Font)              <12> on input line 23.
LaTeX Font Info:    External font `cmex10' loaded for size
(Font)              <8> on input line 23.
LaTeX Font Info:    External font `cmex10' loaded for size
(Font)              <6> on input line 23.
) (chapitre/02-Remerciement.tex [1


{C:/Users/boufa/AppData/Local/MiKTeX/fonts/map/pdftex/pdftex.map}{C:/Users/bouf
a/AppData/Local/Programs/MiKTeX/fonts/enc/dvips/base/8r.enc}]
Underfull \hbox (badness 10000) in paragraph at lines 1--1

 []

) [2

]
Underfull \hbox (badness 10000) in paragraph at lines 37--37

 []

No file main.toc.
\tf@toc=\write7
\openout7 = `main.toc'.

Package babel Info: 'french' activates 'french' shorthands.
(babel)             Reported on input line 43.
[3

]
Underfull \hbox (badness 10000) in paragraph at lines 43--43

 []

No file main.lof.
\tf@lof=\write8
\openout8 = `main.lof'.

[4

]
Underfull \hbox (badness 10000) in paragraph at lines 50--50

 []

No file main.lot.
\tf@lot=\write9
\openout9 = `main.lot'.

[5

] (chapitre/03-IntroductionGeneral.tex
Underfull \hbox (badness 10000) in paragraph at lines 1--1

 []


Underfull \hbox (badness 1152) in paragraph at lines 11--12
[]\T1/ptm/m/n/12 Actuellement, les étu-diants font face à plu-sieurs dé-fis ma-
jeurs pour gé-rer leur vie
 []

) (chapitre/04-cadre general.tex [1


] [2]
Chapitre 1.

Underfull \hbox (badness 10000) in paragraph at lines 1--1

 []

Package minitoc Info: I0006
(minitoc)             main.mtc2 is empty on input line 4.
[3

]
Underfull \hbox (badness 1728) in paragraph at lines 12--14
\T1/ptm/m/n/12 le contexte glo-bal pour po-si-tion-ner le pro-jet dans son en-v
i-ron-ne-ment or-ga-ni-sa-tion-nel,
 []

<images/InfoLogo.png, id=49, 488.57532pt x 289.08pt>
File: images/InfoLogo.png Graphic file (type png)
<use images/InfoLogo.png>
Package pdftex.def Info: images/InfoLogo.png  used on input line 30.
(pdftex.def)             Requested size: 142.26378pt x 84.1751pt.
[4 <./images/InfoLogo.png>]
<images/Organigramme infobjectif.png, id=61, 845.26315pt x 597.60106pt>
File: images/Organigramme infobjectif.png Graphic file (type png)
<use images/Organigramme infobjectif.png>
Package pdftex.def Info: images/Organigramme infobjectif.png  used on input lin
e 51.
(pdftex.def)             Requested size: 426.79134pt x 301.74512pt.

Underfull \hbox (badness 1838) in paragraph at lines 67--69
[]\T1/ptm/m/n/12 L'étude de l'exis-tant met en évi-dence les dif-fé-rents sys-t
èmes et pra-tiques ac-tuels
 []

[5 <./images/Organigramme infobjectif.png>]
Underfull \hbox (badness 1377) in paragraph at lines 71--73
\T1/ptm/m/n/12 dis-per-sées sur di-vers sup-ports tels que les sites web, les p
an-neaux d'af-fi-chage et les
 []

[6]
Underfull \hbox (badness 1565) in paragraph at lines 82--83
[]\T1/ptm/m/n/12 Rassembler toutes les in-for-ma-tions dis-per-sées sur di-vers
 sup-ports au sein d'une
 []


Underfull \hbox (badness 1735) in paragraph at lines 94--95
[]$[]$ \T1/ptm/m/n/12 Com-prendre en pro-fon-deur les be-soins des étu-diants e
t des
 []

[7]
Underfull \hbox (badness 3861) in paragraph at lines 98--99
[]$[]$ \T1/ptm/m/n/12 Dé-ve-lop-pe-ment d'une ap-pli-ca-tion mo-bile des-ti-née
 aux
 []


Underfull \hbox (badness 4254) in paragraph at lines 100--101
[]$[]$\T1/ptm/m/n/12 Implémentation du ba-ckend de l'ap-pli-ca-tion pour gé-rer

 []


Underfull \hbox (badness 3907) in paragraph at lines 103--104
[]$[]$ \T1/ptm/m/n/12 Mettre en place des pi-pe-lines d'in-té-gra-tion
 []


Underfull \hbox (badness 10000) in paragraph at lines 108--114
[]\T1/ptm/m/n/12 Le pro-ces-sus uni-fié est une mé-thode d'im-plé-men-ta-tion e
t de dé-ve-lop-pe-ment,
 []

[8]
LaTeX Font Info:    External font `cmex10' loaded for size
(Font)              <5> on input line 155.
 [9]
<images/scrum.png, id=100, 506.49225pt x 190.311pt>
File: images/scrum.png Graphic file (type png)
<use images/scrum.png>
Package pdftex.def Info: images/scrum.png  used on input line 191.
(pdftex.def)             Requested size: 398.35468pt x 170.72655pt.
 [10 <./images/scrum.png>])
(chapitre/05-Analyse et spÃ©cification des besoins.tex [11]
Chapitre 2.
Package minitoc Info: I0006
(minitoc)             main.mtc4 is empty on input line 5.
[12

]
LaTeX Font Info:    Trying to load font information for TS1+ptm on input line 3
3.
 (C:\Users\boufa\AppData\Local\Programs\MiKTeX\tex/latex/psnfss\ts1ptm.fd
File: ts1ptm.fd 2001/06/04 font definitions for TS1/ptm.
)
LaTeX Info: Symbol \textrightarrow not provided by
            font family ptm in TS1 encoding.
            Default family used instead on input line 35.
LaTeX Info: Symbol \textrightarrow not provided by
            font family ptm in TS1 encoding.
            Default family used instead on input line 36.
LaTeX Info: Symbol \textrightarrow not provided by
            font family ptm in TS1 encoding.
            Default family used instead on input line 37.
LaTeX Info: Symbol \textrightarrow not provided by
            font family ptm in TS1 encoding.
            Default family used instead on input line 38.
LaTeX Info: Symbol \textrightarrow not provided by
            font family ptm in TS1 encoding.
            Default family used instead on input line 39.
LaTeX Info: Symbol \textrightarrow not provided by
            font family ptm in TS1 encoding.
            Default family used instead on input line 40.
LaTeX Info: Symbol \textrightarrow not provided by
            font family ptm in TS1 encoding.
            Default family used instead on input line 41.
LaTeX Info: Symbol \textrightarrow not provided by
            font family ptm in TS1 encoding.
            Default family used instead on input line 42.
LaTeX Info: Symbol \textrightarrow not provided by
            font family ptm in TS1 encoding.
            Default family used instead on input line 43.
LaTeX Info: Symbol \textrightarrow not provided by
            font family ptm in TS1 encoding.
            Default family used instead on input line 44.
LaTeX Info: Symbol \textrightarrow not provided by
            font family ptm in TS1 encoding.
            Default family used instead on input line 45.

[13]
LaTeX Info: Symbol \textrightarrow not provided by
            font family ptm in TS1 encoding.
            Default family used instead on input line 49.
LaTeX Info: Symbol \textrightarrow not provided by
            font family ptm in TS1 encoding.
            Default family used instead on input line 50.
LaTeX Info: Symbol \textrightarrow not provided by
            font family ptm in TS1 encoding.
            Default family used instead on input line 51.
LaTeX Info: Symbol \textrightarrow not provided by
            font family ptm in TS1 encoding.
            Default family used instead on input line 52.
LaTeX Info: Symbol \textrightarrow not provided by
            font family ptm in TS1 encoding.
            Default family used instead on input line 53.
LaTeX Info: Symbol \textrightarrow not provided by
            font family ptm in TS1 encoding.
            Default family used instead on input line 54.

Underfull \hbox (badness 1168) in paragraph at lines 65--66
[]\T1/ptm/m/n/12 L'extensibilité : La ca-rac-té-ris-tique open source de l'ap-p
li-ca-tion va per-mettre son
 []

[14]
Overfull \hbox (1.7499pt too wide) in paragraph at lines 80--81
[]|\T1/ptm/b/n/12 Complexité| 
 []


Underfull \hbox (badness 10000) in paragraph at lines 93--93
[]|\T1/ptm/m/n/12 En tant qu'un ad-mi-nis-tra-teur, je peux m'au-then-ti-fier à

 []


Underfull \hbox (badness 1173) in paragraph at lines 109--109
[]|\T1/ptm/m/n/12 En tant qu'un ad-mi-nis-tra-teur, je peux gé-rer les sta-tion
s de
 []


Underfull \hbox (badness 2142) in paragraph at lines 127--127
[]|\T1/ptm/m/n/12 En tant qu'un étu-diant, je peux com-men-ter et ré-agir aux
 []


ignored: Infinite glue shrinkage found in box being split [15]
ignored: Infinite glue shrinkage fo
und in box being split [16]
Underfull \hbox (badness 10000) in paragraph at lines 147--149

 []


Underfull \hbox (badness 10000) in paragraph at lines 147--149

 []


Overfull \hbox (7.3208pt too wide) in alignment at lines 153--160
 [] [] [] [] 
 []


Overfull \hbox (7.3208pt too wide) in alignment at lines 160--164
 [] [] [] [] 
 []


Overfull \hbox (7.3208pt too wide) in alignment at lines 164--257
 [] [] [] [] 
 []


ignored: Infinite glue shrinkage found in box being split [17]
ignored: Infinite glue shrinkage fo
und in box being split [18] [19]
<images/Brainstorming et idÃ©ation (2).png, id=158, 838.332pt x 531.1845pt>
File: images/Brainstorming et idÃ©ation (2).png Graphic file (type png)
<use images/Brainstorming et idÃ©ation (2).png>
Package pdftex.def Info: images/Brainstorming et idÃ©ation (2).png  used on inp
ut line 272.
(pdftex.def)             Requested size: 426.78894pt x 341.44826pt.
<images/lucidchart.png, id=159, 311.1625pt x 162.6075pt>
File: images/lucidchart.png Graphic file (type png)
<use images/lucidchart.png>
Package pdftex.def Info: images/lucidchart.png  used on input line 294.
(pdftex.def)             Requested size: 227.62154pt x 113.81454pt.
 [20 <./images/Brainstorming et idÃ©ation (2).png>]
<images/figma.png, id=169, 689.57625pt x 356.33125pt>
File: images/figma.png Graphic file (type png)
<use images/figma.png>
Package pdftex.def Info: images/figma.png  used on input line 306.
(pdftex.def)             Requested size: 227.624pt x 113.81084pt.
<images/vscode.png, id=170, 319.1925pt x 159.59625pt>
File: images/vscode.png Graphic file (type png)
<use images/vscode.png>
Package pdftex.def Info: images/vscode.png  used on input line 323.
(pdftex.def)             Requested size: 227.62183pt x 113.8109pt.
 [21 <./images/lucidchart.png> <./images/figma.png>]
<images/intellij.png, id=184, 803.0pt x 803.0pt>
File: images/intellij.png Graphic file (type png)
<use images/intellij.png>
Package pdftex.def Info: images/intellij.png  used on input line 335.
(pdftex.def)             Requested size: 227.61984pt x 113.80379pt.
<images/androidstudio.png, id=185, 1204.5pt x 632.3625pt>
File: images/androidstudio.png Graphic file (type png)
<use images/androidstudio.png>
Package pdftex.def Info: images/androidstudio.png  used on input line 346.
(pdftex.def)             Requested size: 227.60759pt x 113.81068pt.
<images/postman.png, id=186, 312.16624pt x 162.6075pt>
File: images/postman.png Graphic file (type png)
<use images/postman.png>
Package pdftex.def Info: images/postman.png  used on input line 358.
(pdftex.def)             Requested size: 227.62701pt x 113.81454pt.
 [22 <./images/vscode.png> <./images/intellij.png> <./images/androidstudio.png>
])
(chapitre/06-Testing and Deployment.tex [23 <./images/postman.png>]
Chapitre 3.

Underfull \hbox (badness 10000) in paragraph at lines 1--1

 []

Package minitoc Info: I0006
(minitoc)             main.mtc5 is empty on input line 4.
[24

]
Underfull \hbox (badness 1412) in paragraph at lines 11--12
[]\T1/ptm/m/n/12 This chap-ter co-vers the com-pre-hen-sive tes-ting stra-te-gi
es and de-ploy-ment pro-cesses
 []

[25]
Underfull \hbox (badness 2245) in paragraph at lines 48--49
[]\T1/ptm/m/n/12 The ap-pli-ca-tion was contai-ne-ri-zed using Do-cker for cons
istent de-ploy-ment across
 []

) (chapitre/07-GestionUtilisateur.tex [26]
Chapitre 4.
Package minitoc Info: I0006
(minitoc)             main.mtc6 is empty on input line 5.
[27

]
Underfull \hbox (badness 4108) in paragraph at lines 11--13
[]\T1/ptm/m/n/12 Dans notre pre-mier sprint Nous nous concen-trons sur la créa-
tion de comptes,
 []


Underfull \hbox (badness 1189) in paragraph at lines 25--25
[]|\T1/ptm/m/n/12 En tant qu'un uti-li-sa-teur (ad-min et étu-diant), je peux
 []


Underfull \hbox (badness 2818) in paragraph at lines 29--29
[]|\T1/ptm/m/n/12 En tant qu'un ad-mi-nis-tra-teur, je peux sup-pri-mer les
 []

<images/AAAUseCasesAuthentification.png, id=234, 1201.48875pt x 569.12625pt>
File: images/AAAUseCasesAuthentification.png Graphic file (type png)
<use images/AAAUseCasesAuthentification.png>
Package pdftex.def Info: images/AAAUseCasesAuthentification.png  used on input 
line 52.
(pdftex.def)             Requested size: 369.89102pt x 256.08708pt.
[28]
Underfull \hbox (badness 10000) in paragraph at lines 73--73
[]|\T1/ptm/b/n/12 Scénario
 []


Underfull \hbox (badness 10000) in paragraph at lines 81--81
[]|\T1/ptm/b/n/12 Scénario
 []


Underfull \hbox (badness 10000) in paragraph at lines 112--112
[]|\T1/ptm/b/n/12 Scénario
 []


Underfull \hbox (badness 10000) in paragraph at lines 120--120
[]|\T1/ptm/b/n/12 Scénario
 []

[29 <./images/AAAUseCasesAuthentification.png>]
Underfull \hbox (badness 10000) in paragraph at lines 156--156
[]|\T1/ptm/b/n/12 Scénario
 []


Underfull \hbox (badness 10000) in paragraph at lines 186--186
[]|\T1/ptm/b/n/12 Scénario
 []

[30]
<images/ffsignupp.png, id=279, 1153.30875pt x 607.26875pt>
File: images/ffsignupp.png Graphic file (type png)
<use images/ffsignupp.png>
Package pdftex.def Info: images/ffsignupp.png  used on input line 218.
(pdftex.def)             Requested size: 426.78795pt x 227.61403pt.
 [31]
<images/ffffloginX.png, id=296, 1330.9725pt x 695.59875pt>
File: images/ffffloginX.png Graphic file (type png)
<use images/ffffloginX.png>
Package pdftex.def Info: images/ffffloginX.png  used on input line 232.
(pdftex.def)             Requested size: 426.77287pt x 284.52866pt.
<images/ffchangermotdepasseee.png, id=297, 1892.06876pt x 858.20625pt>
File: images/ffchangermotdepasseee.png Graphic file (type png)
<use images/ffchangermotdepasseee.png>
Package pdftex.def Info: images/ffchangermotdepasseee.png  used on input line 2
45.
(pdftex.def)             Requested size: 426.76532pt x 426.79733pt.
 [32 <./images/ffsignupp.png (PNG copy)> <./images/ffffloginX.png (PNG copy)>]
<images/AAAAuthentification.png, id=306, 418.26262pt x 435.42674pt>
File: images/AAAAuthentification.png Graphic file (type png)
<use images/AAAAuthentification.png>
Package pdftex.def Info: images/AAAAuthentification.png  used on input line 258
.
(pdftex.def)             Requested size: 426.8009pt x 483.71475pt.
 [33 <./images/ffchangermotdepasseee.png (PNG copy)>]
<images/loginPage.png, id=314, 1084.05pt x 2288.55pt>
File: images/loginPage.png Graphic file (type png)
<use images/loginPage.png>
Package pdftex.def Info: images/loginPage.png  used on input line 275.
(pdftex.def)             Requested size: 199.15665pt x 270.28403pt.
 [34 <./images/AAAAuthentification.png>]
<images/AdminLoginPage.png, id=323, 431.81325pt x 531.1845pt>
File: images/AdminLoginPage.png Graphic file (type png)
<use images/AdminLoginPage.png>
Package pdftex.def Info: images/AdminLoginPage.png  used on input line 289.
(pdftex.def)             Requested size: 341.45157pt x 270.30882pt.
<images/SignUpPage.png, id=324, 1084.05pt x 2288.55pt>
File: images/SignUpPage.png Graphic file (type png)
<use images/SignUpPage.png>
Package pdftex.def Info: images/SignUpPage.png  used on input line 305.
(pdftex.def)             Requested size: 199.15665pt x 270.28403pt.

Overfull \hbox (11.29819pt too wide) in paragraph at lines 305--307
 [][] 
 []

<images/signup1.png, id=325, 1084.05pt x 2288.55pt>
File: images/signup1.png Graphic file (type png)
<use images/signup1.png>
Package pdftex.def Info: images/signup1.png  used on input line 315.
(pdftex.def)             Requested size: 199.15665pt x 270.28403pt.

Overfull \hbox (11.29819pt too wide) in paragraph at lines 315--317
 [][] 
 []

<images/SignUpPage3.png, id=326, 1084.05pt x 2288.55pt>
File: images/SignUpPage3.png Graphic file (type png)
<use images/SignUpPage3.png>
Package pdftex.def Info: images/SignUpPage3.png  used on input line 327.
(pdftex.def)             Requested size: 199.15665pt x 270.28403pt.

Overfull \hbox (11.29819pt too wide) in paragraph at lines 327--329
 [][] 
 []

<images/signup3.png, id=327, 1084.05pt x 2288.55pt>
File: images/signup3.png Graphic file (type png)
<use images/signup3.png>
Package pdftex.def Info: images/signup3.png  used on input line 337.
(pdftex.def)             Requested size: 199.15665pt x 270.28403pt.

Overfull \hbox (11.29819pt too wide) in paragraph at lines 337--339
 [][] 
 []

[35 <./images/loginPage.png> <./images/AdminLoginPage.png>] [36 <./images/SignU
pPage.png> <./images/signup1.png> <./images/SignUpPage3.png> <./images/signup3.
png>]
<images/AAAEditProfile.png, id=347, 1084.05pt x 2288.55pt>
File: images/AAAEditProfile.png Graphic file (type png)
<use images/AAAEditProfile.png>
Package pdftex.def Info: images/AAAEditProfile.png  used on input line 359.
(pdftex.def)             Requested size: 199.15665pt x 256.07141pt.
<images/ChangePassword.png, id=348, 1084.05pt x 2288.55pt>
File: images/ChangePassword.png Graphic file (type png)
<use images/ChangePassword.png>
Package pdftex.def Info: images/ChangePassword.png  used on input line 374.
(pdftex.def)             Requested size: 199.15665pt x 256.07141pt.
<images/ForgetPassword1.png, id=349, 1084.05pt x 2288.55pt>
File: images/ForgetPassword1.png Graphic file (type png)
<use images/ForgetPassword1.png>
Package pdftex.def Info: images/ForgetPassword1.png  used on input line 393.
(pdftex.def)             Requested size: 199.15665pt x 261.76344pt.

Overfull \hbox (11.29819pt too wide) in paragraph at lines 393--395
 [][] 
 []

<images/ForgetPassword2.png, id=350, 1084.05pt x 2288.55pt>
File: images/ForgetPassword2.png Graphic file (type png)
<use images/ForgetPassword2.png>
Package pdftex.def Info: images/ForgetPassword2.png  used on input line 403.
(pdftex.def)             Requested size: 199.15665pt x 261.76344pt.

Overfull \hbox (11.29819pt too wide) in paragraph at lines 403--405
 [][] 
 []

<images/ForgetPassword3.png, id=351, 1084.05pt x 2288.55pt>
File: images/ForgetPassword3.png Graphic file (type png)
<use images/ForgetPassword3.png>
Package pdftex.def Info: images/ForgetPassword3.png  used on input line 416.
(pdftex.def)             Requested size: 199.15665pt x 261.76344pt.

Overfull \hbox (11.29819pt too wide) in paragraph at lines 416--418
 [][] 
 []

[37 <./images/AAAEditProfile.png> <./images/ChangePassword.png>]
<images/AAAProfile.png, id=362, 1084.05pt x 2288.55pt>
File: images/AAAProfile.png Graphic file (type png)
<use images/AAAProfile.png>
Package pdftex.def Info: images/AAAProfile.png  used on input line 439.
(pdftex.def)             Requested size: 199.15665pt x 261.76344pt.

Overfull \hbox (11.29819pt too wide) in paragraph at lines 439--441
 [][] 
 []

<images/AAAUserDetails.png, id=363, 1084.05pt x 2288.55pt>
File: images/AAAUserDetails.png Graphic file (type png)
<use images/AAAUserDetails.png>
Package pdftex.def Info: images/AAAUserDetails.png  used on input line 449.
(pdftex.def)             Requested size: 199.15665pt x 261.76344pt.

Overfull \hbox (11.29819pt too wide) in paragraph at lines 449--451
 [][] 
 []

<images/AAAUserImages.png, id=364, 1084.05pt x 2288.55pt>
File: images/AAAUserImages.png Graphic file (type png)
<use images/AAAUserImages.png>
Package pdftex.def Info: images/AAAUserImages.png  used on input line 462.
(pdftex.def)             Requested size: 199.15665pt x 261.76344pt.

Overfull \hbox (11.29819pt too wide) in paragraph at lines 462--464
 [][] 
 []

[38 <./images/ForgetPassword1.png> <./images/ForgetPassword2.png> <./images/For
getPassword3.png>] [39 <./images/AAAProfile.png> <./images/AAAUserDetails.png> 
<./images/AAAUserImages.png>])
(chapitre/08-GestionUniversitÃ©,facilitÃ© et Examen.tex [40]
Chapitre 5.
Package minitoc Info: I0006
(minitoc)             main.mtc7 is empty on input line 4.
[41

]
Underfull \hbox (badness 3525) in paragraph at lines 23--23
[]|\T1/ptm/m/n/12 En tant qu'un ad-min je peux gé-rer les uni-ver-si-tés dans
 []


Overfull \hbox (23.37355pt too wide) in paragraph at lines 19--36
 [][] 
 []


Underfull \hbox (badness 1867) in paragraph at lines 15--37
[]\T1/ptm/m/n/12 Le ba-ck-log de ges-tion des uni-ver-si-tés, des En-droits et 
des exa-mens pro-pose des
 []

<images/AAADiagrammedesCasFacUnEx.png, id=394, 912.40875pt x 822.07124pt>
File: images/AAADiagrammedesCasFacUnEx.png Graphic file (type png)
<use images/AAADiagrammedesCasFacUnEx.png>
Package pdftex.def Info: images/AAADiagrammedesCasFacUnEx.png  used on input li
ne 52.
(pdftex.def)             Requested size: 426.78561pt x 284.51804pt.
[42]
Underfull \hbox (badness 10000) in paragraph at lines 72--72
[]|\T1/ptm/b/n/12 Scénario
 []


Underfull \hbox (badness 10000) in paragraph at lines 104--104
[]|\T1/ptm/b/n/12 Scénario
 []

[43 <./images/AAADiagrammedesCasFacUnEx.png>]
Underfull \hbox (badness 10000) in paragraph at lines 138--138
[]|\T1/ptm/b/n/12 Scénario
 []

<images/ffffajouterandroit.png, id=417, 1167.36125pt x 620.3175pt>
File: images/ffffajouterandroit.png Graphic file (type png)
<use images/ffffajouterandroit.png>
Package pdftex.def Info: images/ffffajouterandroit.png  used on input line 163.

(pdftex.def)             Requested size: 426.78691pt x 384.11015pt.
[44]
<images/ffffeditendroit.png, id=437, 1234.6125pt x 620.3175pt>
File: images/ffffeditendroit.png Graphic file (type png)
<use images/ffffeditendroit.png>
Package pdftex.def Info: images/ffffeditendroit.png  used on input line 176.
(pdftex.def)             Requested size: 426.78952pt x 256.07343pt.
 [45 <./images/ffffajouterandroit.png (PNG copy)>]
<images/ffffsuppendroiy.png, id=445, 913.4125pt x 473.77pt>
File: images/ffffsuppendroiy.png Graphic file (type png)
<use images/ffffsuppendroiy.png>
Package pdftex.def Info: images/ffffsuppendroiy.png  used on input line 190.
(pdftex.def)             Requested size: 426.78125pt x 256.07777pt.
 [46 <./images/ffffeditendroit.png (PNG copy)> <./images/ffffsuppendroiy.png (P
NG copy)>]
<images/AAADiagramClassesUniExFac.png, id=453, 823.42632pt x 665.78737pt>
File: images/AAADiagramClassesUniExFac.png Graphic file (type png)
<use images/AAADiagramClassesUniExFac.png>
Package pdftex.def Info: images/AAADiagramClassesUniExFac.png  used on input li
ne 204.
(pdftex.def)             Requested size: 426.78949pt x 483.69432pt.
 [47 <./images/AAADiagramClassesUniExFac.png>]
<images/AAAUniversitiesPage.png, id=461, 1106.33325pt x 546.24075pt>
File: images/AAAUniversitiesPage.png Graphic file (type png)
<use images/AAAUniversitiesPage.png>
Package pdftex.def Info: images/AAAUniversitiesPage.png  used on input line 221
.
(pdftex.def)             Requested size: 455.23706pt x 398.35236pt.

Overfull \hbox (13.99295pt too wide) in paragraph at lines 221--222
 [] 
 []

<images/XAddUniversity1.png, id=462, 389.0535pt x 549.252pt>
File: images/XAddUniversity1.png Graphic file (type png)
<use images/XAddUniversity1.png>
Package pdftex.def Info: images/XAddUniversity1.png  used on input line 236.
(pdftex.def)             Requested size: 341.44797pt x 199.1637pt.
<images/XAddUniversity2.png, id=463, 386.6445pt x 549.252pt>
File: images/XAddUniversity2.png Graphic file (type png)
<use images/XAddUniversity2.png>
Package pdftex.def Info: images/XAddUniversity2.png  used on input line 246.
(pdftex.def)             Requested size: 341.44585pt x 199.1637pt.
<images/XAddUniversity3.png, id=464, 386.6445pt x 548.0475pt>
File: images/XAddUniversity3.png Graphic file (type png)
<use images/XAddUniversity3.png>
Package pdftex.def Info: images/XAddUniversity3.png  used on input line 256.
(pdftex.def)             Requested size: 341.44585pt x 199.17015pt.
<images/AAAEditFacility.png, id=465, 384.2355pt x 507.0945pt>
File: images/AAAEditFacility.png Graphic file (type png)
<use images/AAAEditFacility.png>
Package pdftex.def Info: images/AAAEditFacility.png  used on input line 280.
(pdftex.def)             Requested size: 341.44672pt x 227.62556pt.
[48 <./images/AAAUniversitiesPage.png>] [49 <./images/XAddUniversity1.png> <./i
mages/XAddUniversity2.png> <./images/XAddUniversity3.png>]
<images/XExamsDetails.png, id=485, 389.65575pt x 398.6895pt>
File: images/XExamsDetails.png Graphic file (type png)
<use images/XExamsDetails.png>
Package pdftex.def Info: images/XExamsDetails.png  used on input line 294.
(pdftex.def)             Requested size: 341.45331pt x 227.62038pt.
 [50 <./images/AAAEditFacility.png> <./images/XExamsDetails.png>]
<images/AAAFacilityDetails.png, id=497, 1084.05pt x 2288.55pt>
File: images/AAAFacilityDetails.png Graphic file (type png)
<use images/AAAFacilityDetails.png>
Package pdftex.def Info: images/AAAFacilityDetails.png  used on input line 310.

(pdftex.def)             Requested size: 199.15665pt x 256.07141pt.
<images/AAAUniversityDetails1.png, id=498, 1084.05pt x 2288.55pt>
File: images/AAAUniversityDetails1.png Graphic file (type png)
<use images/AAAUniversityDetails1.png>
Package pdftex.def Info: images/AAAUniversityDetails1.png  used on input line 3
24.
(pdftex.def)             Requested size: 199.15665pt x 256.07141pt.

Underfull \hbox (badness 1418) in paragraph at lines 316--326
[]\T1/ptm/m/n/12 L'interface "Dé-tails Uni-ver-sité" de l'ap-pli mo-bile four-n
it un aperçu com-plet d'une
 []

<images/FilterExamsPage.png, id=499, 1084.05pt x 2288.55pt>
File: images/FilterExamsPage.png Graphic file (type png)
<use images/FilterExamsPage.png>
Package pdftex.def Info: images/FilterExamsPage.png  used on input line 336.
(pdftex.def)             Requested size: 199.15665pt x 284.49663pt.
<images/ExamsPage.png, id=500, 1084.05pt x 2288.55pt>
File: images/ExamsPage.png Graphic file (type png)
<use images/ExamsPage.png>
Package pdftex.def Info: images/ExamsPage.png  used on input line 343.
(pdftex.def)             Requested size: 199.15665pt x 284.49663pt.
[51 <./images/AAAFacilityDetails.png> <./images/AAAUniversityDetails1.png>])
(chapitre/09-GestionTransport,Events et Stage.tex [52 <./images/FilterExamsPage
.png> <./images/ExamsPage.png>]
Chapitre 6.
Package minitoc Info: I0006
(minitoc)             main.mtc8 is empty on input line 4.
[53

]
<images/gestion des transport, evenements et stages.png, id=525, 912.40875pt x 
822.07124pt>
File: images/gestion des transport, evenements et stages.png Graphic file (type
 png)
<use images/gestion des transport, evenements et stages.png>
Package pdftex.def Info: images/gestion des transport, evenements et stages.png
  used on input line 56.
(pdftex.def)             Requested size: 426.78561pt x 654.40904pt.
 [54]
Underfull \hbox (badness 10000) in paragraph at lines 77--77
[]|\T1/ptm/b/n/12 Scénario
 []

[55 <./images/gestion des transport, evenements et stages.png>]
Underfull \hbox (badness 10000) in paragraph at lines 112--112
[]|\T1/ptm/b/n/12 Scénario
 []

[56]
Underfull \hbox (badness 10000) in paragraph at lines 147--147
[]|\T1/ptm/b/n/12 Scénario
 []

<images/ffffajoutstages.png, id=565, 1071.00125pt x 620.3175pt>
File: images/ffffajoutstages.png Graphic file (type png)
<use images/ffffajoutstages.png>
Package pdftex.def Info: images/ffffajoutstages.png  used on input line 176.
(pdftex.def)             Requested size: 426.79138pt x 256.07343pt.
<images/ffffeditstage.png, id=566, 1214.5375pt x 620.3175pt>
File: images/ffffeditstage.png Graphic file (type png)
<use images/ffffeditstage.png>
Package pdftex.def Info: images/ffffeditstage.png  used on input line 190.
(pdftex.def)             Requested size: 426.78094pt x 241.84712pt.
[57 <./images/ffffajoutstages.png (PNG copy)>]
<images/fffffsuppstage.png, id=583, 893.3375pt x 473.77pt>
File: images/fffffsuppstage.png Graphic file (type png)
<use images/fffffsuppstage.png>
Package pdftex.def Info: images/fffffsuppstage.png  used on input line 204.
(pdftex.def)             Requested size: 426.79333pt x 241.8436pt.
 [58 <./images/ffffeditstage.png (PNG copy)> <./images/fffffsuppstage.png (PNG 
copy)>]
<images/AAATransportations.png, id=592, 841.4938pt x 546.0902pt>
File: images/AAATransportations.png Graphic file (type png)
<use images/AAATransportations.png>
Package pdftex.def Info: images/AAATransportations.png  used on input line 218.

(pdftex.def)             Requested size: 426.79358pt x 469.48676pt.
 [59 <./images/AAATransportations.png>]
<images/XAddEvent1.png, id=600, 386.6445pt x 488.42474pt>
File: images/XAddEvent1.png Graphic file (type png)
<use images/XAddEvent1.png>
Package pdftex.def Info: images/XAddEvent1.png  used on input line 239.
(pdftex.def)             Requested size: 227.6227pt x 341.44035pt.

Overfull \hbox (39.76424pt too wide) in paragraph at lines 239--240
 [][] 
 []

<images/XAddEvent2.png, id=601, 384.2355pt x 486.618pt>
File: images/XAddEvent2.png Graphic file (type png)
<use images/XAddEvent2.png>
Package pdftex.def Info: images/XAddEvent2.png  used on input line 250.
(pdftex.def)             Requested size: 227.61746pt x 341.44704pt.

Overfull \hbox (39.759pt too wide) in paragraph at lines 250--251
 [][] 
 []

<images/XEditInternship.png, id=602, 385.44pt x 443.256pt>
File: images/XEditInternship.png Graphic file (type png)
<use images/XEditInternship.png>
Package pdftex.def Info: images/XEditInternship.png  used on input line 267.
(pdftex.def)             Requested size: 284.52713pt x 284.5283pt.
[60 <./images/XAddEvent1.png> <./images/XAddEvent2.png>]
<images/AAADeleteTrasportation.png, id=612, 403.5075pt x 272.81924pt>
File: images/AAADeleteTrasportation.png Graphic file (type png)
<use images/AAADeleteTrasportation.png>
Package pdftex.def Info: images/AAADeleteTrasportation.png  used on input line 
281.
(pdftex.def)             Requested size: 369.88918pt x 199.17303pt.
<images/AAAEventPublication.png, id=613, 1084.05pt x 2288.55pt>
File: images/AAAEventPublication.png Graphic file (type png)
<use images/AAAEventPublication.png>
Package pdftex.def Info: images/AAAEventPublication.png  used on input line 295
.
(pdftex.def)             Requested size: 199.15665pt x 247.51591pt.
 [61 <./images/XEditInternship.png> <./images/AAADeleteTrasportation.png>]
<images/AAAInternshipPublications.png, id=624, 1084.05pt x 2288.55pt>
File: images/AAAInternshipPublications.png Graphic file (type png)
<use images/AAAInternshipPublications.png>
Package pdftex.def Info: images/AAAInternshipPublications.png  used on input li
ne 309.
(pdftex.def)             Requested size: 199.15665pt x 247.51591pt.
<images/AAATransportStations.png, id=625, 1084.05pt x 2288.55pt>
File: images/AAATransportStations.png Graphic file (type png)
<use images/AAATransportStations.png>
Package pdftex.def Info: images/AAATransportStations.png  used on input line 32
2.
(pdftex.def)             Requested size: 199.15665pt x 284.49663pt.

Underfull \hbox (badness 1406) in paragraph at lines 315--324
[]\T1/ptm/m/n/12 Sur l'ap-pli-ca-tion mo-bile, les uti-li-sa-teurs peuvent cons
ul-ter les in-for-ma-tions sur les
 []

[62 <./images/AAAEventPublication.png> <./images/AAAInternshipPublications.png>
]
Underfull \hbox (badness 1270) in paragraph at lines 330--331
\T1/ptm/m/n/12 évé-ne-ments et des stages au sein de notre ap-pli-ca-tion. En d
o-tant les ad-mins d'ou-tils
 []

) (chapitre/10-GestionPublicationsetNotifications.tex [63 <./images/AAATranspor
tStations.png>]
Chapitre 7.
Package minitoc Info: I0006
(minitoc)             main.mtc9 is empty on input line 4.
[64

]
Underfull \hbox (badness 2753) in paragraph at lines 23--23
[]|\T1/ptm/m/n/12 En tant qu'un étu-diant ,je peux consul-ter
 []


Underfull \hbox (badness 2753) in paragraph at lines 24--24
[]|\T1/ptm/m/n/12 En tant qu'un étu-diant ,je peux consul-ter
 []


Underfull \hbox (badness 2065) in paragraph at lines 24--24
\T1/ptm/m/n/12 mes pu-bli-ca-tions de ma page pro-file dans
 []

[65]
Underfull \hbox (badness 1253) in paragraph at lines 42--43
[]\T1/ptm/m/n/12 Notre ap-pli-ca-tion mo-bile in-tègre un sys-tème de no-ti-fi-
ca-tions pour ga-ran-tir que les
 []

<images/AAADiagramDesCasPubsNotifs.png, id=658, 728.57193pt x 641.39626pt>
File: images/AAADiagramDesCasPubsNotifs.png Graphic file (type png)
<use images/AAADiagramDesCasPubsNotifs.png>
Package pdftex.def Info: images/AAADiagramDesCasPubsNotifs.png  used on input l
ine 64.
(pdftex.def)             Requested size: 369.88808pt x 284.53471pt.
[66]
Underfull \hbox (badness 10000) in paragraph at lines 87--87
[]|\T1/ptm/b/n/12 Scénario
 []


Underfull \hbox (badness 10000) in paragraph at lines 121--121
[]|\T1/ptm/b/n/12 Scénario
 []


Underfull \hbox (badness 1635) in paragraph at lines 126--127
[]\T1/ptm/m/n/12 L'administrateur rem-plit les champs né-ces-saires de la
 []

[67 <./images/AAADiagramDesCasPubsNotifs.png>]
Underfull \hbox (badness 1824) in paragraph at lines 139--141
\T1/ptm/m/n/12 dia-grammes dé-crivent de ma-nière dé-taillée les étapes im-pli-
quées dans la créa-tion de
 []

<images/ffffpublications.png, id=679, 1296.845pt x 620.3175pt>
File: images/ffffpublications.png Graphic file (type png)
<use images/ffffpublications.png>
Package pdftex.def Info: images/ffffpublications.png  used on input line 151.
(pdftex.def)             Requested size: 426.79266pt x 256.07343pt.

Underfull \hbox (badness 1270) in paragraph at lines 143--153
[]\T1/ptm/m/n/12 Le dia-gramme de sé-quence "Créer une pu-bli-ca-tion" illustre
 le flux d'ac-tions entre
 []

[68]
<images/fffffnotification.png, id=694, 1310.8975pt x 620.3175pt>
File: images/fffffnotification.png Graphic file (type png)
<use images/fffffnotification.png>
Package pdftex.def Info: images/fffffnotification.png  used on input line 165.
(pdftex.def)             Requested size: 426.79675pt x 256.07343pt.
<images/AAANotificatiosnPubs.png, id=695, 610.07925pt x 434.8245pt>
File: images/AAANotificatiosnPubs.png Graphic file (type png)
<use images/AAANotificatiosnPubs.png>
Package pdftex.def Info: images/AAANotificatiosnPubs.png  used on input line 18
0.
(pdftex.def)             Requested size: 426.80122pt x 426.80183pt.
 [69 <./images/ffffpublications.png (PNG copy)> <./images/fffffnotification.png
 (PNG copy)>]
<images/AddPostPage.png, id=703, 1084.05pt x 2288.55pt>
File: images/AddPostPage.png Graphic file (type png)
<use images/AddPostPage.png>
Package pdftex.def Info: images/AddPostPage.png  used on input line 197.
(pdftex.def)             Requested size: 199.15665pt x 278.8046pt.
 [70 <./images/AAANotificatiosnPubs.png>]
<images/XCommentsBar.png, id=713, 1084.05pt x 2288.55pt>
File: images/XCommentsBar.png Graphic file (type png)
<use images/XCommentsBar.png>
Package pdftex.def Info: images/XCommentsBar.png  used on input line 210.
(pdftex.def)             Requested size: 199.15665pt x 278.8046pt.
<images/AAAHomePage.png, id=714, 1084.05pt x 2288.55pt>
File: images/AAAHomePage.png Graphic file (type png)
<use images/AAAHomePage.png>
Package pdftex.def Info: images/AAAHomePage.png  used on input line 225.
(pdftex.def)             Requested size: 199.15665pt x 270.28403pt.
 [71 <./images/AddPostPage.png> <./images/XCommentsBar.png>]
<images/AAANotifications.png, id=724, 1084.05pt x 2288.55pt>
File: images/AAANotifications.png Graphic file (type png)
<use images/AAANotifications.png>
Package pdftex.def Info: images/AAANotifications.png  used on input line 240.
(pdftex.def)             Requested size: 199.15665pt x 270.28403pt.
 [72 <./images/AAAHomePage.png> <./images/AAANotifications.png>]
<images/AAAAddNotifications.png, id=735, 1111.15125pt x 555.2745pt>
File: images/AAAAddNotifications.png Graphic file (type png)
<use images/AAAAddNotifications.png>
Package pdftex.def Info: images/AAAAddNotifications.png  used on input line 254
.
(pdftex.def)             Requested size: 441.0108pt x 284.53342pt.

Underfull \hbox (badness 1946) in paragraph at lines 261--262
[]\T1/ptm/m/n/12 En conclu-sion de ce sprint, nous avons mis en place un sys-tè
me de chat entre
 []

) (chapitre/11-GestionMap,Chat et Dashbord.tex [73 <./images/AAAAddNotification
s.png>]
Chapitre 8.
Package minitoc Info: I0006
(minitoc)             main.mtc10 is empty on input line 4.
[74

]
Underfull \hbox (badness 10000) in paragraph at lines 24--24
[]|\T1/ptm/m/n/12 En tant qu'un étu-diant ,je peux contac-ter
 []


Underfull \hbox (badness 10000) in paragraph at lines 26--26
[]|\T1/ptm/m/n/12 En tant qu'un étu-diant , je peux contac-ter
 []


Overfull \hbox (9.14719pt too wide) in paragraph at lines 20--34
 [][] 
 []

<images/diagramme de cas d'utilisation 5eme sprint.png, id=750, 397.485pt x 361
.35pt>
File: images/diagramme de cas d'utilisation 5eme sprint.png Graphic file (type 
png)
<use images/diagramme de cas d'utilisation 5eme sprint.png>
Package pdftex.def Info: images/diagramme de cas d'utilisation 5eme sprint.png 
 used on input line 51.
(pdftex.def)             Requested size: 341.44226pt x 170.71672pt.
[75]
Underfull \hbox (badness 10000) in paragraph at lines 71--71
[]|\T1/ptm/b/n/12 Scénario
 []


Underfull \hbox (badness 4647) in paragraph at lines 75--76
[]\T1/ptm/m/n/12 Le sys-tème af-fiche le for-mu-laire d'en-voi de mes-sage à
 []


Underfull \hbox (badness 10000) in paragraph at lines 100--100
[]|\T1/ptm/b/n/12 Scénario
 []


Underfull \hbox (badness 4647) in paragraph at lines 105--106
[]\T1/ptm/m/n/12 Le sys-tème af-fiche le for-mu-laire d'en-voi de mes-sage à
 []

[76 <./images/diagramme de cas d'utilisation 5eme sprint.png>]
<images/admintoetudiant.png, id=774, 1098.1025pt x 532.99126pt>
File: images/admintoetudiant.png Graphic file (type png)
<use images/admintoetudiant.png>
Package pdftex.def Info: images/admintoetudiant.png  used on input line 130.
(pdftex.def)             Requested size: 426.78375pt x 199.16368pt.
 [77 <./images/admintoetudiant.png (PNG copy)>]
<images/lasstcontact.png, id=789, 1110.1475pt x 503.8825pt>
File: images/lasstcontact.png Graphic file (type png)
<use images/lasstcontact.png>
Package pdftex.def Info: images/lasstcontact.png  used on input line 144.
(pdftex.def)             Requested size: 426.78983pt x 341.43614pt.
<images/Diagramme de classe contact (2).png, id=790, 749.80125pt x 1131.47719pt
>
File: images/Diagramme de classe contact (2).png Graphic file (type png)
<use images/Diagramme de classe contact (2).png>
Package pdftex.def Info: images/Diagramme de classe contact (2).png  used on in
put line 162.
(pdftex.def)             Requested size: 426.79622pt x 369.88385pt.
 [78 <./images/lasstcontact.png (PNG copy)>]
<images/XChatPage.png, id=798, 1084.05pt x 2288.55pt>
File: images/XChatPage.png Graphic file (type png)
<use images/XChatPage.png>
Package pdftex.def Info: images/XChatPage.png  used on input line 180.
(pdftex.def)             Requested size: 199.15665pt x 284.49663pt.

[79 <./images/Diagramme de classe contact (2).png>]
<images/AAAChat.png, id=807, 1112.35574pt x 555.2745pt>
File: images/AAAChat.png Graphic file (type png)
<use images/AAAChat.png>
Package pdftex.def Info: images/AAAChat.png  used on input line 194.
(pdftex.def)             Requested size: 441.01361pt x 227.62166pt.
<images/MiniChat.png, id=808, 897.3525pt x 496.85625pt>
File: images/MiniChat.png Graphic file (type png)
<use images/MiniChat.png>
Package pdftex.def Info: images/MiniChat.png  used on input line 204.
(pdftex.def)             Requested size: 441.00735pt x 227.62413pt.
 [80 <./images/XChatPage.png> <./images/AAAChat.png>]
<images/AAADashboard.png, id=819, 1102.1175pt x 555.2745pt>
File: images/AAADashboard.png Graphic file (type png)
<use images/AAADashboard.png>
Package pdftex.def Info: images/AAADashboard.png  used on input line 220.
(pdftex.def)             Requested size: 441.02417pt x 227.62166pt.
 [81 <./images/MiniChat.png> <./images/AAADashboard.png>]
<images/AAAMap.png, id=829, 1084.05pt x 2288.55pt>
File: images/AAAMap.png Graphic file (type png)
<use images/AAAMap.png>
Package pdftex.def Info: images/AAAMap.png  used on input line 234.
(pdftex.def)             Requested size: 199.15665pt x 284.49663pt.
) (chapitre/12-conclusiongenerale.tex [82 <./images/AAAMap.png>]
Underfull \hbox (badness 10000) in paragraph at lines 1--1

 []

) (chapitre/13-Bibliographie.tex [83

]
Underfull \hbox (badness 10000) in paragraph at lines 1--1

 []

[84

]) (chapitre/14-Netographie.tex [85]
Underfull \hbox (badness 10000) in paragraph at lines 1--1

 []

LaTeX Font Info:    External font `cmex10' loaded for size
(Font)              <10.95> on input line 11.

Underfull \hbox (badness 10000) in paragraph at lines 13--14
[][]$\T1/ptm/m/n/10.95 https : / / expertises . acadys . com / wp-[]content / u
ploads / 2018 / 01 / BP-[]N68-[]Scrum . pdf$[] consulté le
 []

)
Package minitoc Info: I0009
(minitoc)             Listing minitoc auxiliary files. 
(minitoc)             Creating the main.maf file.
\openout3 = `main.maf'.

Package minitoc(hints) Info: I0053
(minitoc(hints))             You have loaded the float package; 
(minitoc(hints))             please be aware that the minitoc package 
(minitoc(hints))             facilities can not be used for new types 
(minitoc(hints))             of floats defined by the float package.
 [86

] (main.aux)
 ***********
LaTeX2e <2025-11-01>
L3 programming layer <2026-03-20>
 ***********
Package rerunfilecheck Info: Checksums for `main.out':
(rerunfilecheck)             Before: <no file>
(rerunfilecheck)             After:  4E0A3421686673B07091191BFB4A3E42;34222.
 ) 
Here is how much of TeX's memory you used:
 38777 strings out of 467691
 795292 string characters out of 5414988
 1352928 words of memory out of 5000000
 66759 multiletter control sequences out of 15000+600000
 681046 words of font info for 90 fonts, out of 8000000 for 9000
 1141 hyphenation exceptions out of 8191
 113i,13n,122p,1155b,927s stack positions out of 10000i,1000n,20000p,200000b,200000s
 <C:\Users\boufa\AppData\Local\MiKTeX\fonts/pk/ljfour/jknappen/ec/dpi600\tcrm
1200.pk><C:/Users/boufa/AppData/Local/Programs/MiKTeX/fonts/type1/public/amsfon
ts/cm/cmsy10.pfb><C:/Users/boufa/AppData/Local/Programs/MiKTeX/fonts/type1/publ
ic/amsfonts/cm/cmsy6.pfb><C:/Users/boufa/AppData/Local/Programs/MiKTeX/fonts/ty
pe1/urw/times/utmb8a.pfb><C:/Users/boufa/AppData/Local/Programs/MiKTeX/fonts/ty
pe1/urw/times/utmr8a.pfb>
Output written on main.pdf (91 pages, 15957101 bytes).
PDF statistics:
 992 PDF objects out of 1000 (max. 8388607)
 424 named destinations out of 1000 (max. 500000)
 383 words of extra memory for PDF output out of 10000 (max. 10000000)

